MPLINK 4.48, Linker
Linker Map File - Created Wed Feb 15 23:25:05 2023

                                 Section Info
                  Section       Type    Address   Location Size(Bytes)
                ---------  ---------  ---------  ---------  ---------
               _entry_scn       code   0x000000    program   0x000006
           .code___init.o       code   0x000006    program   0x000002
      InterruptVectorHigh       code   0x000008    program   0x000006
         .romdata_timer.o    romdata   0x00000e    program   0x000000
        .romdata_button.o    romdata   0x00000e    program   0x000000
     .romdata_interrupt.o    romdata   0x00000e    program   0x000000
     .idata_interrupt.o_i    romdata   0x00000e    program   0x000000
           .romdata_lcd.o    romdata   0x00000e    program   0x000000
           .romdata_fsm.o    romdata   0x00000e    program   0x000000
      .romdata_fxd0808u.o    romdata   0x00000e    program   0x000000
      .romdata_fxd1616u.o    romdata   0x00000e    program   0x000000
      .romdata_fxd2424u.o    romdata   0x00000e    program   0x000000
      .romdata_fxd3232u.o    romdata   0x00000e    program   0x000000
          .romdata_main.o    romdata   0x00000e    program   0x000000
          .idata_main.o_i    romdata   0x00000e    program   0x000000
       .romdata_fxm3232.o    romdata   0x00000e    program   0x000000
         .romdata_c018i.o    romdata   0x00000e    program   0x000000
        .idata_global.o_i    romdata   0x00000e    program   0x000009
        .romdata_global.o    romdata   0x00000e    program   0x000000
       .romdata_display.o    romdata   0x00000e    program   0x000000
        .romdata___init.o    romdata   0x00000e    program   0x000000
         .idata_c018i.o_i    romdata   0x000017    program   0x000000
           .idata_fsm.o_i    romdata   0x000017    program   0x000000
      .idata_fxd0808u.o_i    romdata   0x000017    program   0x000000
      .idata_fxd1616u.o_i    romdata   0x000017    program   0x000000
      .idata_fxd2424u.o_i    romdata   0x000017    program   0x000000
        .idata___init.o_i    romdata   0x000017    program   0x000000
      .idata_fxd3232u.o_i    romdata   0x000017    program   0x000000
       .idata_fxm3232.o_i    romdata   0x000017    program   0x000000
           .code_global.o       code   0x000018    program   0x000000
            .code_c018i.o       code   0x000018    program   0x000000
       InterruptVectorLow       code   0x000018    program   0x000006
                   .cinit    romdata   0x00001e    program   0x00003e
              .code_lcd.o       code   0x00005c    program   0x000e20
              .code_fsm.o       code   0x000e7c    program   0x000dea
            .code_timer.o       code   0x001c66    program   0x000576
           .code_button.o       code   0x0021dc    program   0x000528
          .code_display.o       code   0x002704    program   0x00037e
        .code_interrupt.o       code   0x002a82    program   0x0001c8
             .code_main.o       code   0x002c4a    program   0x0000f2
                     PROG       code   0x002d3c    program   0x0000a6
               _cinit_scn       code   0x002de2    program   0x00009e
          .code_fxm3232.o       code   0x002e80    program   0x000070
             .stringtable    romdata   0x002ef0    program   0x000068
         .code_fxd3232u.o       code   0x002f58    program   0x000048
         .code_fxd2424u.o       code   0x002fa0    program   0x00003a
         .code_fxd1616u.o       code   0x002fda    program   0x00002c
                    .code       code   0x003006    program   0x000020
             _startup_scn       code   0x003026    program   0x00001c
         .code_fxd0808u.o       code   0x003042    program   0x00001c
         .idata_timer.o_i    romdata   0x00305e    program   0x00001b
           .idata_lcd.o_i    romdata   0x003079    program   0x000061
       .idata_display.o_i    romdata   0x0030da    program   0x00000a
        .idata_button.o_i    romdata   0x0030e4    program   0x000068
    .config_300001_main.o    romdata   0x300001    program   0x000001
    .config_300002_main.o    romdata   0x300002    program   0x000001
    .config_300003_main.o    romdata   0x300003    program   0x000001
    .config_300005_main.o    romdata   0x300005    program   0x000001
    .config_300006_main.o    romdata   0x300006    program   0x000001
    .config_300008_main.o    romdata   0x300008    program   0x000001
    .config_300009_main.o    romdata   0x300009    program   0x000001
    .config_30000a_main.o    romdata   0x30000a    program   0x000001
    .config_30000b_main.o    romdata   0x30000b    program   0x000001
    .config_30000c_main.o    romdata   0x30000c    program   0x000001
    .config_30000d_main.o    romdata   0x30000d    program   0x000001
                MATH_DATA      udata   0x000000       data   0x000010
                 .tmpdata      udata   0x000010       data   0x00000a
          .idata_button.o      idata   0x000080       data   0x000068
           .udata_c018i.o      udata   0x0000e8       data   0x00000a
         .idata_display.o      idata   0x0000f2       data   0x00000a
             .udata_lcd.o      udata   0x0000fc       data   0x000004
          .udata_button.o      udata   0x000100       data   0x000030
          .idata_global.o      idata   0x000130       data   0x000009
                   .stack      udata   0x000e00       data   0x000100
             .idata_lcd.o      idata   0x000f00       data   0x000061
           .idata_timer.o      idata   0x000f61       data   0x00001b
           .idata_c018i.o      idata   0x000f7c       data   0x000000
          .idata___init.o      idata   0x000f7c       data   0x000000
          .udata___init.o      udata   0x000f7c       data   0x000000
         .idata_fxm3232.o      idata   0x000f7c       data   0x000000
         .udata_fxm3232.o      udata   0x000f7c       data   0x000000
        .idata_fxd3232u.o      idata   0x000f7c       data   0x000000
        .udata_fxd3232u.o      udata   0x000f7c       data   0x000000
        .idata_fxd2424u.o      idata   0x000f7c       data   0x000000
        .udata_fxd2424u.o      udata   0x000f7c       data   0x000000
        .idata_fxd1616u.o      idata   0x000f7c       data   0x000000
        .udata_fxd1616u.o      udata   0x000f7c       data   0x000000
        .idata_fxd0808u.o      idata   0x000f7c       data   0x000000
        .udata_fxd0808u.o      udata   0x000f7c       data   0x000000
             .idata_fsm.o      idata   0x000f7c       data   0x000000
             .udata_fsm.o      udata   0x000f7c       data   0x000000
          .udata_global.o      udata   0x000f7c       data   0x000000
         .udata_display.o      udata   0x000f7c       data   0x000000
            .udata_main.o      udata   0x000f7c       data   0x000000
           .udata_timer.o      udata   0x000f7c       data   0x000000
       .idata_interrupt.o      idata   0x000f7c       data   0x000000
       .udata_interrupt.o      udata   0x000f7c       data   0x000000
            .idata_main.o      idata   0x000f7c       data   0x000000
            SFR_UNBANKED0      udata   0x000f80       data   0x000080



                              Program Memory Usage 
                               Start         End      
                           ---------   ---------      
                            0x000000    0x000016      
                            0x000018    0x00314b      
                            0x300001    0x300003      
                            0x300005    0x300006      
                            0x300008    0x30000d      
            12630 out of 66584 program addresses used, program memory utilization is 18%



                              Symbols - Sorted by Name
                     Name    Address   Location    Storage File                     
                ---------  ---------  ---------  --------- ---------                
                   D1616S   0x002d5e    program     static E:\c18v3.46\pic18-lt\cxx-framework\src\traditional\math\fxd1616s.asm
                D1616SNEG   0x002d6c    program     static E:\c18v3.46\pic18-lt\cxx-framework\src\traditional\math\fxd1616s.asm
                 D1616SOK   0x002d68    program     static E:\c18v3.46\pic18-lt\cxx-framework\src\traditional\math\fxd1616s.asm
                  D1616SX   0x002d7e    program     static E:\c18v3.46\pic18-lt\cxx-framework\src\traditional\math\fxd1616s.asm
                   D2424S   0x002db2    program     static E:\c18v3.46\pic18-lt\cxx-framework\src\traditional\math\fxd2424s.asm
                D2424SNEG   0x002dc0    program     static E:\c18v3.46\pic18-lt\cxx-framework\src\traditional\math\fxd2424s.asm
                 D2424SOK   0x002dbc    program     static E:\c18v3.46\pic18-lt\cxx-framework\src\traditional\math\fxd2424s.asm
                  D2424SX   0x002dd8    program     static E:\c18v3.46\pic18-lt\cxx-framework\src\traditional\math\fxd2424s.asm
                  DA1616S   0x002d4e    program     static E:\c18v3.46\pic18-lt\cxx-framework\src\traditional\math\fxd1616s.asm
                  DA2424S   0x002d9e    program     static E:\c18v3.46\pic18-lt\cxx-framework\src\traditional\math\fxd2424s.asm
         DisplayLcdScreen   0x00099a    program     extern D:\MPLABProjects\TrafficLight.X\lcd\lcd.c
        DisplayLcdScreen2   0x000a92    program     extern D:\MPLABProjects\TrafficLight.X\lcd\lcd.c
      DisplayLcdScreenOld   0x000b18    program     extern D:\MPLABProjects\TrafficLight.X\lcd\lcd.c
                 FXD0808U   0x003042    program     extern E:\c18v3.46\pic18-lt\cxx-framework\src\traditional\math\fxd0808u.c
                 FXD1616S   0x002d3c    program     extern E:\c18v3.46\pic18-lt\cxx-framework\src\traditional\math\fxd1616s.asm
                 FXD1616U   0x002fda    program     extern E:\c18v3.46\pic18-lt\cxx-framework\src\traditional\math\fxd1616u.c
                 FXD2424S   0x002d88    program     extern E:\c18v3.46\pic18-lt\cxx-framework\src\traditional\math\fxd2424s.asm
                 FXD2424U   0x002fa0    program     extern E:\c18v3.46\pic18-lt\cxx-framework\src\traditional\math\fxd2424u.c
                 FXD3232U   0x002f58    program     extern E:\c18v3.46\pic18-lt\cxx-framework\src\traditional\math\fxd3232u.c
                  FXM3232   0x002e80    program     extern E:\c18v3.46\pic18-lt\cxx-framework\src\traditional\math\fxm3232.c
      InterruptVectorHigh   0x000008    program     extern D:\MPLABProjects\TrafficLight.X\interrupt\interrupt.c
       InterruptVectorLow   0x000018    program     extern D:\MPLABProjects\TrafficLight.X\interrupt\interrupt.c
                LcdClearS   0x00093c    program     extern D:\MPLABProjects\TrafficLight.X\lcd\lcd.c
            LcdPrintCharS   0x000b82    program     extern D:\MPLABProjects\TrafficLight.X\lcd\lcd.c
              LcdPrintNum   0x00087a    program     extern D:\MPLABProjects\TrafficLight.X\lcd\lcd.c
             LcdPrintNumS   0x000bd8    program     extern D:\MPLABProjects\TrafficLight.X\lcd\lcd.c
           LcdPrintString   0x0008c2    program     extern D:\MPLABProjects\TrafficLight.X\lcd\lcd.c
          LcdPrintStringS   0x000e26    program     extern D:\MPLABProjects\TrafficLight.X\lcd\lcd.c
             SetTimer0_ms   0x00210e    program     extern D:\MPLABProjects\TrafficLight.X\timer\timer.c
             SetTimer1_ms   0x00212e    program     extern D:\MPLABProjects\TrafficLight.X\timer\timer.c
             SetTimer3_ms   0x002168    program     extern D:\MPLABProjects\TrafficLight.X\timer\timer.c
             SetTimer4_ms   0x0021a2    program     extern D:\MPLABProjects\TrafficLight.X\timer\timer.c
       ___return_lbl00000   0x002eee    program     static                          
       ___return_lbl00000   0x000004    program     static                          
       ___return_lbl00000   0x002f9e    program     static                          
       ___return_lbl00000   0x002fd8    program     static                          
       ___return_lbl00000   0x003004    program     static                          
       ___return_lbl00000   0x00305c    program     static                          
       ___return_lbl00001   0x003040    program     static                          
       ___return_lbl00002   0x002e7e    program     static                          
       ___return_lbl00002   0x00001c    program     static                          
       ___return_lbl00003   0x00000c    program     static                          
               __config_0   0x300001    program     static D:\MPLABProjects\TrafficLight.X\main.c
               __config_1   0x300002    program     static D:\MPLABProjects\TrafficLight.X\main.c
              __config_10   0x30000d    program     static D:\MPLABProjects\TrafficLight.X\main.c
               __config_2   0x300003    program     static D:\MPLABProjects\TrafficLight.X\main.c
               __config_3   0x300005    program     static D:\MPLABProjects\TrafficLight.X\main.c
               __config_4   0x300006    program     static D:\MPLABProjects\TrafficLight.X\main.c
               __config_5   0x300008    program     static D:\MPLABProjects\TrafficLight.X\main.c
               __config_6   0x300009    program     static D:\MPLABProjects\TrafficLight.X\main.c
               __config_7   0x30000a    program     static D:\MPLABProjects\TrafficLight.X\main.c
               __config_8   0x30000b    program     static D:\MPLABProjects\TrafficLight.X\main.c
               __config_9   0x30000c    program     static D:\MPLABProjects\TrafficLight.X\main.c
                   __init   0x000006    program     extern E:\c18v3.46\pic18-lt\cxx-framework\src\traditional\stdclib\__init.c
               __string_0   0x002f47    program     static D:\MPLABProjects\TrafficLight.X\fsm\fsm.c
               __string_0   0x002eff    program     static D:\MPLABProjects\TrafficLight.X\display\display.c
               __string_1   0x002f36    program     static D:\MPLABProjects\TrafficLight.X\fsm\fsm.c
               __string_1   0x002efb    program     static D:\MPLABProjects\TrafficLight.X\display\display.c
               __string_2   0x002f25    program     static D:\MPLABProjects\TrafficLight.X\fsm\fsm.c
               __string_2   0x002ef7    program     static D:\MPLABProjects\TrafficLight.X\display\display.c
               __string_3   0x002f14    program     static D:\MPLABProjects\TrafficLight.X\fsm\fsm.c
               __string_3   0x002ef3    program     static D:\MPLABProjects\TrafficLight.X\display\display.c
               __string_4   0x002f03    program     static D:\MPLABProjects\TrafficLight.X\fsm\fsm.c
               __string_4   0x002ef0    program     static D:\MPLABProjects\TrafficLight.X\display\display.c
            __zero_memory   0x003006    program     extern E:\c18v3.46\pic18-lt\cxx-framework\src\traditional\proc\p18f4620.asm
                _do_cinit   0x002de2    program     extern E:\c18v3.46\pic18-lt\cxx-framework\src\traditional\startup\c018i.c
                   _entry   0x000000    program     extern E:\c18v3.46\pic18-lt\cxx-framework\src\traditional\startup\c018i.c
                   _false   0x002f9a    program     static                          
                   _false   0x002fd4    program     static                          
                 _startup   0x003026    program     extern E:\c18v3.46\pic18-lt\cxx-framework\src\traditional\startup\c018i.c
           button_process   0x002294    program     extern D:\MPLABProjects\TrafficLight.X\button\button.c
       clear_button_flags   0x0021dc    program     extern D:\MPLABProjects\TrafficLight.X\button\button.c
                compare_l   0x00301c    program     static E:\c18v3.46\pic18-lt\cxx-framework\src\traditional\proc\p18f4620.asm
                copy_loop   0x002e54    program     static                          
            copy_one_byte   0x002e5a    program     static                          
                 delay_ms   0x002cb4    program     extern D:\MPLABProjects\TrafficLight.X\main.c
           displayCounter   0x002948    program     extern D:\MPLABProjects\TrafficLight.X\display\display.c
                     done   0x002e7e    program     static                          
             done_copying   0x002e68    program     static                          
                  endloop   0x003000    program     static                          
                  endloop   0x003058    program     static                          
                 fsm_auto   0x0011bc    program     extern D:\MPLABProjects\TrafficLight.X\fsm\fsm.c
               fsm_config   0x001598    program     extern D:\MPLABProjects\TrafficLight.X\fsm\fsm.c
                  fsm_man   0x001352    program     extern D:\MPLABProjects\TrafficLight.X\fsm\fsm.c
                 fsm_mode   0x000e7c    program     extern D:\MPLABProjects\TrafficLight.X\fsm\fsm.c
                 high_isr   0x002b76    program     extern D:\MPLABProjects\TrafficLight.X\interrupt\interrupt.c
            init_ext_int0   0x002a8a    program     extern D:\MPLABProjects\TrafficLight.X\interrupt\interrupt.c
           init_interrupt   0x002a82    program     extern D:\MPLABProjects\TrafficLight.X\interrupt\interrupt.c
          init_key_matrix   0x0024b4    program     extern D:\MPLABProjects\TrafficLight.X\button\button.c
                 init_lcd   0x0001fc    program     extern D:\MPLABProjects\TrafficLight.X\lcd\lcd.c
              init_system   0x002c66    program     extern D:\MPLABProjects\TrafficLight.X\main.c
              init_timer0   0x001c66    program     extern D:\MPLABProjects\TrafficLight.X\timer\timer.c
              init_timer1   0x001daa    program     extern D:\MPLABProjects\TrafficLight.X\timer\timer.c
              init_timer2   0x001ef4    program     extern D:\MPLABProjects\TrafficLight.X\timer\timer.c
              init_timer3   0x001f2c    program     extern D:\MPLABProjects\TrafficLight.X\timer\timer.c
     is_button_long_press   0x00225e    program     extern D:\MPLABProjects\TrafficLight.X\button\button.c
          is_button_press   0x002228    program     extern D:\MPLABProjects\TrafficLight.X\button\button.c
                lcd_clear   0x00054e    program     extern D:\MPLABProjects\TrafficLight.X\lcd\lcd.c
                lcd_delay   0x00005c    program     extern D:\MPLABProjects\TrafficLight.X\lcd\lcd.c
             lcd_power_of   0x000562    program     extern D:\MPLABProjects\TrafficLight.X\lcd\lcd.c
           lcd_print_char   0x0004ba    program     extern D:\MPLABProjects\TrafficLight.X\lcd\lcd.c
          lcd_print_charS   0x0008f6    program     extern D:\MPLABProjects\TrafficLight.X\lcd\lcd.c
            lcd_print_num   0x000644    program     extern D:\MPLABProjects\TrafficLight.X\lcd\lcd.c
            lcd_print_str   0x0004d4    program     extern D:\MPLABProjects\TrafficLight.X\lcd\lcd.c
              lcd_putchar   0x0004a0    program     extern D:\MPLABProjects\TrafficLight.X\lcd\lcd.c
          lcd_read_status   0x00030a    program     extern D:\MPLABProjects\TrafficLight.X\lcd\lcd.c
          lcd_sendCommand   0x00017c    program     extern D:\MPLABProjects\TrafficLight.X\lcd\lcd.c
           lcd_set_cursor   0x000514    program     extern D:\MPLABProjects\TrafficLight.X\lcd\lcd.c
            lcd_wait_busy   0x0003c0    program     extern D:\MPLABProjects\TrafficLight.X\lcd\lcd.c
          lcd_write_4bits   0x0003e0    program     extern D:\MPLABProjects\TrafficLight.X\lcd\lcd.c
            lcd_write_cmd   0x000426    program     extern D:\MPLABProjects\TrafficLight.X\lcd\lcd.c
           lcd_write_data   0x000462    program     extern D:\MPLABProjects\TrafficLight.X\lcd\lcd.c
                 led_init   0x002704    program     extern D:\MPLABProjects\TrafficLight.X\display\display.c
                     loop   0x00304a    program     static                          
                     loop   0x002fe4    program     static                          
                     loop   0x002fac    program     static                          
                     loop   0x002f66    program     static                          
                     loop   0x003036    program     static                          
                   loop_h   0x003014    program     static E:\c18v3.46\pic18-lt\cxx-framework\src\traditional\proc\p18f4620.asm
                   loop_l   0x00301e    program     static E:\c18v3.46\pic18-lt\cxx-framework\src\traditional\proc\p18f4620.asm
                  low_isr   0x002a92    program     extern D:\MPLABProjects\TrafficLight.X\interrupt\interrupt.c
                     main   0x002c4a    program     extern D:\MPLABProjects\TrafficLight.X\main.c
          scan_key_matrix   0x0024bc    program     extern D:\MPLABProjects\TrafficLight.X\button\button.c
           setRoad1_blank   0x002838    program     extern D:\MPLABProjects\TrafficLight.X\display\display.c
           setRoad1_green   0x002816    program     extern D:\MPLABProjects\TrafficLight.X\display\display.c
             setRoad1_red   0x0027d4    program     extern D:\MPLABProjects\TrafficLight.X\display\display.c
          setRoad1_yellow   0x0027f4    program     extern D:\MPLABProjects\TrafficLight.X\display\display.c
           setRoad2_blank   0x0028f4    program     extern D:\MPLABProjects\TrafficLight.X\display\display.c
           setRoad2_green   0x0028d0    program     extern D:\MPLABProjects\TrafficLight.X\display\display.c
             setRoad2_red   0x00288a    program     extern D:\MPLABProjects\TrafficLight.X\display\display.c
          setRoad2_yellow   0x0028ac    program     extern D:\MPLABProjects\TrafficLight.X\display\display.c
             start_timer0   0x001d1e    program     extern D:\MPLABProjects\TrafficLight.X\timer\timer.c
             start_timer1   0x001e64    program     extern D:\MPLABProjects\TrafficLight.X\timer\timer.c
             start_timer2   0x001f20    program     extern D:\MPLABProjects\TrafficLight.X\timer\timer.c
             start_timer3   0x001fe2    program     extern D:\MPLABProjects\TrafficLight.X\timer\timer.c
              stop_timer0   0x001d1a    program     extern D:\MPLABProjects\TrafficLight.X\timer\timer.c
              stop_timer1   0x001ef0    program     extern D:\MPLABProjects\TrafficLight.X\timer\timer.c
              stop_timer2   0x001f28    program     extern D:\MPLABProjects\TrafficLight.X\timer\timer.c
              stop_timer3   0x00206e    program     extern D:\MPLABProjects\TrafficLight.X\timer\timer.c
                     test   0x002dfc    program     static                          
               timer0_isr   0x002072    program     extern D:\MPLABProjects\TrafficLight.X\timer\timer.c
               timer1_isr   0x002092    program     extern D:\MPLABProjects\TrafficLight.X\timer\timer.c
               timer2_isr   0x0020b2    program     extern D:\MPLABProjects\TrafficLight.X\timer\timer.c
               timer3_isr   0x0020d2    program     extern D:\MPLABProjects\TrafficLight.X\timer\timer.c
                toggleLed   0x002790    program     extern D:\MPLABProjects\TrafficLight.X\display\display.c
        toggleRoad1_green   0x00287a    program     extern D:\MPLABProjects\TrafficLight.X\display\display.c
          toggleRoad1_red   0x00285a    program     extern D:\MPLABProjects\TrafficLight.X\display\display.c
       toggleRoad1_yellow   0x00286a    program     extern D:\MPLABProjects\TrafficLight.X\display\display.c
        toggleRoad2_green   0x002938    program     extern D:\MPLABProjects\TrafficLight.X\display\display.c
          toggleRoad2_red   0x002918    program     extern D:\MPLABProjects\TrafficLight.X\display\display.c
       toggleRoad2_yellow   0x002928    program     extern D:\MPLABProjects\TrafficLight.X\display\display.c
               turnLedOff   0x00274c    program     extern D:\MPLABProjects\TrafficLight.X\display\display.c
                turnLedOn   0x002708    program     extern D:\MPLABProjects\TrafficLight.X\display\display.c
                 v_timer0   0x0000ec    program     extern D:\MPLABProjects\TrafficLight.X\lcd\lcd.c
               zero_block   0x003014    program     static E:\c18v3.46\pic18-lt\cxx-framework\src\traditional\proc\p18f4620.asm
                   ADCON0   0x000fc2       data     extern E:\c18v3.46\pic18-lt\cxx-framework\src\traditional\proc\p18f4620.asm
               ADCON0bits   0x000fc2       data     extern E:\c18v3.46\pic18-lt\cxx-framework\src\traditional\proc\p18f4620.asm
                   ADCON1   0x000fc1       data     extern E:\c18v3.46\pic18-lt\cxx-framework\src\traditional\proc\p18f4620.asm
               ADCON1bits   0x000fc1       data     extern E:\c18v3.46\pic18-lt\cxx-framework\src\traditional\proc\p18f4620.asm
                   ADCON2   0x000fc0       data     extern E:\c18v3.46\pic18-lt\cxx-framework\src\traditional\proc\p18f4620.asm
               ADCON2bits   0x000fc0       data     extern E:\c18v3.46\pic18-lt\cxx-framework\src\traditional\proc\p18f4620.asm
                    ADRES   0x000fc3       data     extern E:\c18v3.46\pic18-lt\cxx-framework\src\traditional\proc\p18f4620.asm
                   ADRESH   0x000fc4       data     extern E:\c18v3.46\pic18-lt\cxx-framework\src\traditional\proc\p18f4620.asm
                   ADRESL   0x000fc3       data     extern E:\c18v3.46\pic18-lt\cxx-framework\src\traditional\proc\p18f4620.asm
                  BAUDCON   0x000fb8       data     extern E:\c18v3.46\pic18-lt\cxx-framework\src\traditional\proc\p18f4620.asm
              BAUDCONbits   0x000fb8       data     extern E:\c18v3.46\pic18-lt\cxx-framework\src\traditional\proc\p18f4620.asm
                  BAUDCTL   0x000fb8       data     extern E:\c18v3.46\pic18-lt\cxx-framework\src\traditional\proc\p18f4620.asm
              BAUDCTLbits   0x000fb8       data     extern E:\c18v3.46\pic18-lt\cxx-framework\src\traditional\proc\p18f4620.asm
                      BSR   0x000fe0       data     extern E:\c18v3.46\pic18-lt\cxx-framework\src\traditional\proc\p18f4620.asm
                  CCP1CON   0x000fbd       data     extern E:\c18v3.46\pic18-lt\cxx-framework\src\traditional\proc\p18f4620.asm
              CCP1CONbits   0x000fbd       data     extern E:\c18v3.46\pic18-lt\cxx-framework\src\traditional\proc\p18f4620.asm
                  CCP2CON   0x000fba       data     extern E:\c18v3.46\pic18-lt\cxx-framework\src\traditional\proc\p18f4620.asm
              CCP2CONbits   0x000fba       data     extern E:\c18v3.46\pic18-lt\cxx-framework\src\traditional\proc\p18f4620.asm
                    CCPR1   0x000fbe       data     extern E:\c18v3.46\pic18-lt\cxx-framework\src\traditional\proc\p18f4620.asm
                   CCPR1H   0x000fbf       data     extern E:\c18v3.46\pic18-lt\cxx-framework\src\traditional\proc\p18f4620.asm
                   CCPR1L   0x000fbe       data     extern E:\c18v3.46\pic18-lt\cxx-framework\src\traditional\proc\p18f4620.asm
                    CCPR2   0x000fbb       data     extern E:\c18v3.46\pic18-lt\cxx-framework\src\traditional\proc\p18f4620.asm
                   CCPR2H   0x000fbc       data     extern E:\c18v3.46\pic18-lt\cxx-framework\src\traditional\proc\p18f4620.asm
                   CCPR2L   0x000fbb       data     extern E:\c18v3.46\pic18-lt\cxx-framework\src\traditional\proc\p18f4620.asm
                    CMCON   0x000fb4       data     extern E:\c18v3.46\pic18-lt\cxx-framework\src\traditional\proc\p18f4620.asm
                CMCONbits   0x000fb4       data     extern E:\c18v3.46\pic18-lt\cxx-framework\src\traditional\proc\p18f4620.asm
                   CVRCON   0x000fb5       data     extern E:\c18v3.46\pic18-lt\cxx-framework\src\traditional\proc\p18f4620.asm
               CVRCONbits   0x000fb5       data     extern E:\c18v3.46\pic18-lt\cxx-framework\src\traditional\proc\p18f4620.asm
                     DDRA   0x000f92       data     extern E:\c18v3.46\pic18-lt\cxx-framework\src\traditional\proc\p18f4620.asm
                 DDRAbits   0x000f92       data     extern E:\c18v3.46\pic18-lt\cxx-framework\src\traditional\proc\p18f4620.asm
                     DDRB   0x000f93       data     extern E:\c18v3.46\pic18-lt\cxx-framework\src\traditional\proc\p18f4620.asm
                 DDRBbits   0x000f93       data     extern E:\c18v3.46\pic18-lt\cxx-framework\src\traditional\proc\p18f4620.asm
                     DDRC   0x000f94       data     extern E:\c18v3.46\pic18-lt\cxx-framework\src\traditional\proc\p18f4620.asm
                 DDRCbits   0x000f94       data     extern E:\c18v3.46\pic18-lt\cxx-framework\src\traditional\proc\p18f4620.asm
                     DDRD   0x000f95       data     extern E:\c18v3.46\pic18-lt\cxx-framework\src\traditional\proc\p18f4620.asm
                 DDRDbits   0x000f95       data     extern E:\c18v3.46\pic18-lt\cxx-framework\src\traditional\proc\p18f4620.asm
                     DDRE   0x000f96       data     extern E:\c18v3.46\pic18-lt\cxx-framework\src\traditional\proc\p18f4620.asm
                 DDREbits   0x000f96       data     extern E:\c18v3.46\pic18-lt\cxx-framework\src\traditional\proc\p18f4620.asm
                  ECCP1AS   0x000fb6       data     extern E:\c18v3.46\pic18-lt\cxx-framework\src\traditional\proc\p18f4620.asm
              ECCP1ASbits   0x000fb6       data     extern E:\c18v3.46\pic18-lt\cxx-framework\src\traditional\proc\p18f4620.asm
                    EEADR   0x000fa9       data     extern E:\c18v3.46\pic18-lt\cxx-framework\src\traditional\proc\p18f4620.asm
                   EEADRH   0x000faa       data     extern E:\c18v3.46\pic18-lt\cxx-framework\src\traditional\proc\p18f4620.asm
                   EECON1   0x000fa6       data     extern E:\c18v3.46\pic18-lt\cxx-framework\src\traditional\proc\p18f4620.asm
               EECON1bits   0x000fa6       data     extern E:\c18v3.46\pic18-lt\cxx-framework\src\traditional\proc\p18f4620.asm
                   EECON2   0x000fa7       data     extern E:\c18v3.46\pic18-lt\cxx-framework\src\traditional\proc\p18f4620.asm
                   EEDATA   0x000fa8       data     extern E:\c18v3.46\pic18-lt\cxx-framework\src\traditional\proc\p18f4620.asm
                     FSR0   0x000fe9       data     extern E:\c18v3.46\pic18-lt\cxx-framework\src\traditional\proc\p18f4620.asm
                    FSR0H   0x000fea       data     extern E:\c18v3.46\pic18-lt\cxx-framework\src\traditional\proc\p18f4620.asm
                    FSR0L   0x000fe9       data     extern E:\c18v3.46\pic18-lt\cxx-framework\src\traditional\proc\p18f4620.asm
                     FSR1   0x000fe1       data     extern E:\c18v3.46\pic18-lt\cxx-framework\src\traditional\proc\p18f4620.asm
                    FSR1H   0x000fe2       data     extern E:\c18v3.46\pic18-lt\cxx-framework\src\traditional\proc\p18f4620.asm
                    FSR1L   0x000fe1       data     extern E:\c18v3.46\pic18-lt\cxx-framework\src\traditional\proc\p18f4620.asm
                     FSR2   0x000fd9       data     extern E:\c18v3.46\pic18-lt\cxx-framework\src\traditional\proc\p18f4620.asm
                    FSR2H   0x000fda       data     extern E:\c18v3.46\pic18-lt\cxx-framework\src\traditional\proc\p18f4620.asm
                    FSR2L   0x000fd9       data     extern E:\c18v3.46\pic18-lt\cxx-framework\src\traditional\proc\p18f4620.asm
                  HLVDCON   0x000fd2       data     extern E:\c18v3.46\pic18-lt\cxx-framework\src\traditional\proc\p18f4620.asm
              HLVDCONbits   0x000fd2       data     extern E:\c18v3.46\pic18-lt\cxx-framework\src\traditional\proc\p18f4620.asm
                    INDF0   0x000fef       data     extern E:\c18v3.46\pic18-lt\cxx-framework\src\traditional\proc\p18f4620.asm
                    INDF1   0x000fe7       data     extern E:\c18v3.46\pic18-lt\cxx-framework\src\traditional\proc\p18f4620.asm
                    INDF2   0x000fdf       data     extern E:\c18v3.46\pic18-lt\cxx-framework\src\traditional\proc\p18f4620.asm
                   INTCON   0x000ff2       data     extern E:\c18v3.46\pic18-lt\cxx-framework\src\traditional\proc\p18f4620.asm
                  INTCON2   0x000ff1       data     extern E:\c18v3.46\pic18-lt\cxx-framework\src\traditional\proc\p18f4620.asm
              INTCON2bits   0x000ff1       data     extern E:\c18v3.46\pic18-lt\cxx-framework\src\traditional\proc\p18f4620.asm
                  INTCON3   0x000ff0       data     extern E:\c18v3.46\pic18-lt\cxx-framework\src\traditional\proc\p18f4620.asm
              INTCON3bits   0x000ff0       data     extern E:\c18v3.46\pic18-lt\cxx-framework\src\traditional\proc\p18f4620.asm
               INTCONbits   0x000ff2       data     extern E:\c18v3.46\pic18-lt\cxx-framework\src\traditional\proc\p18f4620.asm
                     IPR1   0x000f9f       data     extern E:\c18v3.46\pic18-lt\cxx-framework\src\traditional\proc\p18f4620.asm
                 IPR1bits   0x000f9f       data     extern E:\c18v3.46\pic18-lt\cxx-framework\src\traditional\proc\p18f4620.asm
                     IPR2   0x000fa2       data     extern E:\c18v3.46\pic18-lt\cxx-framework\src\traditional\proc\p18f4620.asm
                 IPR2bits   0x000fa2       data     extern E:\c18v3.46\pic18-lt\cxx-framework\src\traditional\proc\p18f4620.asm
                     LATA   0x000f89       data     extern E:\c18v3.46\pic18-lt\cxx-framework\src\traditional\proc\p18f4620.asm
                 LATAbits   0x000f89       data     extern E:\c18v3.46\pic18-lt\cxx-framework\src\traditional\proc\p18f4620.asm
                     LATB   0x000f8a       data     extern E:\c18v3.46\pic18-lt\cxx-framework\src\traditional\proc\p18f4620.asm
                 LATBbits   0x000f8a       data     extern E:\c18v3.46\pic18-lt\cxx-framework\src\traditional\proc\p18f4620.asm
                     LATC   0x000f8b       data     extern E:\c18v3.46\pic18-lt\cxx-framework\src\traditional\proc\p18f4620.asm
                 LATCbits   0x000f8b       data     extern E:\c18v3.46\pic18-lt\cxx-framework\src\traditional\proc\p18f4620.asm
                     LATD   0x000f8c       data     extern E:\c18v3.46\pic18-lt\cxx-framework\src\traditional\proc\p18f4620.asm
                 LATDbits   0x000f8c       data     extern E:\c18v3.46\pic18-lt\cxx-framework\src\traditional\proc\p18f4620.asm
                     LATE   0x000f8d       data     extern E:\c18v3.46\pic18-lt\cxx-framework\src\traditional\proc\p18f4620.asm
                 LATEbits   0x000f8d       data     extern E:\c18v3.46\pic18-lt\cxx-framework\src\traditional\proc\p18f4620.asm
                   LVDCON   0x000fd2       data     extern E:\c18v3.46\pic18-lt\cxx-framework\src\traditional\proc\p18f4620.asm
               LVDCONbits   0x000fd2       data     extern E:\c18v3.46\pic18-lt\cxx-framework\src\traditional\proc\p18f4620.asm
                LcdScreen   0x000f41       data     extern D:\MPLABProjects\TrafficLight.X\lcd\lcd.c
                   OSCCON   0x000fd3       data     extern E:\c18v3.46\pic18-lt\cxx-framework\src\traditional\proc\p18f4620.asm
               OSCCONbits   0x000fd3       data     extern E:\c18v3.46\pic18-lt\cxx-framework\src\traditional\proc\p18f4620.asm
                  OSCTUNE   0x000f9b       data     extern E:\c18v3.46\pic18-lt\cxx-framework\src\traditional\proc\p18f4620.asm
              OSCTUNEbits   0x000f9b       data     extern E:\c18v3.46\pic18-lt\cxx-framework\src\traditional\proc\p18f4620.asm
                       PC   0x000ff9       data     extern E:\c18v3.46\pic18-lt\cxx-framework\src\traditional\proc\p18f4620.asm
                      PCL   0x000ff9       data     extern E:\c18v3.46\pic18-lt\cxx-framework\src\traditional\proc\p18f4620.asm
                   PCLATH   0x000ffa       data     extern E:\c18v3.46\pic18-lt\cxx-framework\src\traditional\proc\p18f4620.asm
                   PCLATU   0x000ffb       data     extern E:\c18v3.46\pic18-lt\cxx-framework\src\traditional\proc\p18f4620.asm
                     PIE1   0x000f9d       data     extern E:\c18v3.46\pic18-lt\cxx-framework\src\traditional\proc\p18f4620.asm
                 PIE1bits   0x000f9d       data     extern E:\c18v3.46\pic18-lt\cxx-framework\src\traditional\proc\p18f4620.asm
                     PIE2   0x000fa0       data     extern E:\c18v3.46\pic18-lt\cxx-framework\src\traditional\proc\p18f4620.asm
                 PIE2bits   0x000fa0       data     extern E:\c18v3.46\pic18-lt\cxx-framework\src\traditional\proc\p18f4620.asm
                     PIR1   0x000f9e       data     extern E:\c18v3.46\pic18-lt\cxx-framework\src\traditional\proc\p18f4620.asm
                 PIR1bits   0x000f9e       data     extern E:\c18v3.46\pic18-lt\cxx-framework\src\traditional\proc\p18f4620.asm
                     PIR2   0x000fa1       data     extern E:\c18v3.46\pic18-lt\cxx-framework\src\traditional\proc\p18f4620.asm
                 PIR2bits   0x000fa1       data     extern E:\c18v3.46\pic18-lt\cxx-framework\src\traditional\proc\p18f4620.asm
                   PLUSW0   0x000feb       data     extern E:\c18v3.46\pic18-lt\cxx-framework\src\traditional\proc\p18f4620.asm
                   PLUSW1   0x000fe3       data     extern E:\c18v3.46\pic18-lt\cxx-framework\src\traditional\proc\p18f4620.asm
                   PLUSW2   0x000fdb       data     extern E:\c18v3.46\pic18-lt\cxx-framework\src\traditional\proc\p18f4620.asm
                    PORTA   0x000f80       data     extern E:\c18v3.46\pic18-lt\cxx-framework\src\traditional\proc\p18f4620.asm
                PORTAbits   0x000f80       data     extern E:\c18v3.46\pic18-lt\cxx-framework\src\traditional\proc\p18f4620.asm
                    PORTB   0x000f81       data     extern E:\c18v3.46\pic18-lt\cxx-framework\src\traditional\proc\p18f4620.asm
                PORTBbits   0x000f81       data     extern E:\c18v3.46\pic18-lt\cxx-framework\src\traditional\proc\p18f4620.asm
                    PORTC   0x000f82       data     extern E:\c18v3.46\pic18-lt\cxx-framework\src\traditional\proc\p18f4620.asm
                PORTCbits   0x000f82       data     extern E:\c18v3.46\pic18-lt\cxx-framework\src\traditional\proc\p18f4620.asm
                    PORTD   0x000f83       data     extern E:\c18v3.46\pic18-lt\cxx-framework\src\traditional\proc\p18f4620.asm
                PORTDbits   0x000f83       data     extern E:\c18v3.46\pic18-lt\cxx-framework\src\traditional\proc\p18f4620.asm
                    PORTE   0x000f84       data     extern E:\c18v3.46\pic18-lt\cxx-framework\src\traditional\proc\p18f4620.asm
                PORTEbits   0x000f84       data     extern E:\c18v3.46\pic18-lt\cxx-framework\src\traditional\proc\p18f4620.asm
                 POSTDEC0   0x000fed       data     extern E:\c18v3.46\pic18-lt\cxx-framework\src\traditional\proc\p18f4620.asm
                 POSTDEC1   0x000fe5       data     extern E:\c18v3.46\pic18-lt\cxx-framework\src\traditional\proc\p18f4620.asm
                 POSTDEC2   0x000fdd       data     extern E:\c18v3.46\pic18-lt\cxx-framework\src\traditional\proc\p18f4620.asm
                 POSTINC0   0x000fee       data     extern E:\c18v3.46\pic18-lt\cxx-framework\src\traditional\proc\p18f4620.asm
                 POSTINC1   0x000fe6       data     extern E:\c18v3.46\pic18-lt\cxx-framework\src\traditional\proc\p18f4620.asm
                 POSTINC2   0x000fde       data     extern E:\c18v3.46\pic18-lt\cxx-framework\src\traditional\proc\p18f4620.asm
                      PR2   0x000fcb       data     extern E:\c18v3.46\pic18-lt\cxx-framework\src\traditional\proc\p18f4620.asm
                  PREINC0   0x000fec       data     extern E:\c18v3.46\pic18-lt\cxx-framework\src\traditional\proc\p18f4620.asm
                  PREINC1   0x000fe4       data     extern E:\c18v3.46\pic18-lt\cxx-framework\src\traditional\proc\p18f4620.asm
                  PREINC2   0x000fdc       data     extern E:\c18v3.46\pic18-lt\cxx-framework\src\traditional\proc\p18f4620.asm
                     PROD   0x000ff3       data     extern E:\c18v3.46\pic18-lt\cxx-framework\src\traditional\proc\p18f4620.asm
                    PRODH   0x000ff4       data     extern E:\c18v3.46\pic18-lt\cxx-framework\src\traditional\proc\p18f4620.asm
                    PRODL   0x000ff3       data     extern E:\c18v3.46\pic18-lt\cxx-framework\src\traditional\proc\p18f4620.asm
                  PWM1CON   0x000fb7       data     extern E:\c18v3.46\pic18-lt\cxx-framework\src\traditional\proc\p18f4620.asm
              PWM1CONbits   0x000fb7       data     extern E:\c18v3.46\pic18-lt\cxx-framework\src\traditional\proc\p18f4620.asm
                     RCON   0x000fd0       data     extern E:\c18v3.46\pic18-lt\cxx-framework\src\traditional\proc\p18f4620.asm
                 RCONbits   0x000fd0       data     extern E:\c18v3.46\pic18-lt\cxx-framework\src\traditional\proc\p18f4620.asm
                    RCREG   0x000fae       data     extern E:\c18v3.46\pic18-lt\cxx-framework\src\traditional\proc\p18f4620.asm
                    RCSTA   0x000fab       data     extern E:\c18v3.46\pic18-lt\cxx-framework\src\traditional\proc\p18f4620.asm
                RCSTAbits   0x000fab       data     extern E:\c18v3.46\pic18-lt\cxx-framework\src\traditional\proc\p18f4620.asm
                     SIGN   0x000000       data     extern E:\c18v3.46\pic18-lt\cxx-framework\src\traditional\math\cmath18.asm
                    SPBRG   0x000faf       data     extern E:\c18v3.46\pic18-lt\cxx-framework\src\traditional\proc\p18f4620.asm
                   SPBRGH   0x000fb0       data     extern E:\c18v3.46\pic18-lt\cxx-framework\src\traditional\proc\p18f4620.asm
                   SSPADD   0x000fc8       data     extern E:\c18v3.46\pic18-lt\cxx-framework\src\traditional\proc\p18f4620.asm
                   SSPBUF   0x000fc9       data     extern E:\c18v3.46\pic18-lt\cxx-framework\src\traditional\proc\p18f4620.asm
                  SSPCON1   0x000fc6       data     extern E:\c18v3.46\pic18-lt\cxx-framework\src\traditional\proc\p18f4620.asm
              SSPCON1bits   0x000fc6       data     extern E:\c18v3.46\pic18-lt\cxx-framework\src\traditional\proc\p18f4620.asm
                  SSPCON2   0x000fc5       data     extern E:\c18v3.46\pic18-lt\cxx-framework\src\traditional\proc\p18f4620.asm
              SSPCON2bits   0x000fc5       data     extern E:\c18v3.46\pic18-lt\cxx-framework\src\traditional\proc\p18f4620.asm
                  SSPSTAT   0x000fc7       data     extern E:\c18v3.46\pic18-lt\cxx-framework\src\traditional\proc\p18f4620.asm
              SSPSTATbits   0x000fc7       data     extern E:\c18v3.46\pic18-lt\cxx-framework\src\traditional\proc\p18f4620.asm
                   STATUS   0x000fd8       data     extern E:\c18v3.46\pic18-lt\cxx-framework\src\traditional\proc\p18f4620.asm
               STATUSbits   0x000fd8       data     extern E:\c18v3.46\pic18-lt\cxx-framework\src\traditional\proc\p18f4620.asm
                   STKPTR   0x000ffc       data     extern E:\c18v3.46\pic18-lt\cxx-framework\src\traditional\proc\p18f4620.asm
               STKPTRbits   0x000ffc       data     extern E:\c18v3.46\pic18-lt\cxx-framework\src\traditional\proc\p18f4620.asm
                    T0CON   0x000fd5       data     extern E:\c18v3.46\pic18-lt\cxx-framework\src\traditional\proc\p18f4620.asm
                T0CONbits   0x000fd5       data     extern E:\c18v3.46\pic18-lt\cxx-framework\src\traditional\proc\p18f4620.asm
                    T1CON   0x000fcd       data     extern E:\c18v3.46\pic18-lt\cxx-framework\src\traditional\proc\p18f4620.asm
                T1CONbits   0x000fcd       data     extern E:\c18v3.46\pic18-lt\cxx-framework\src\traditional\proc\p18f4620.asm
                    T2CON   0x000fca       data     extern E:\c18v3.46\pic18-lt\cxx-framework\src\traditional\proc\p18f4620.asm
                T2CONbits   0x000fca       data     extern E:\c18v3.46\pic18-lt\cxx-framework\src\traditional\proc\p18f4620.asm
                    T3CON   0x000fb1       data     extern E:\c18v3.46\pic18-lt\cxx-framework\src\traditional\proc\p18f4620.asm
                T3CONbits   0x000fb1       data     extern E:\c18v3.46\pic18-lt\cxx-framework\src\traditional\proc\p18f4620.asm
                   TABLAT   0x000ff5       data     extern E:\c18v3.46\pic18-lt\cxx-framework\src\traditional\proc\p18f4620.asm
                   TBLPTR   0x000ff6       data     extern E:\c18v3.46\pic18-lt\cxx-framework\src\traditional\proc\p18f4620.asm
                  TBLPTRH   0x000ff7       data     extern E:\c18v3.46\pic18-lt\cxx-framework\src\traditional\proc\p18f4620.asm
                  TBLPTRL   0x000ff6       data     extern E:\c18v3.46\pic18-lt\cxx-framework\src\traditional\proc\p18f4620.asm
                  TBLPTRU   0x000ff8       data     extern E:\c18v3.46\pic18-lt\cxx-framework\src\traditional\proc\p18f4620.asm
                    TMR0H   0x000fd7       data     extern E:\c18v3.46\pic18-lt\cxx-framework\src\traditional\proc\p18f4620.asm
                    TMR0L   0x000fd6       data     extern E:\c18v3.46\pic18-lt\cxx-framework\src\traditional\proc\p18f4620.asm
                    TMR1H   0x000fcf       data     extern E:\c18v3.46\pic18-lt\cxx-framework\src\traditional\proc\p18f4620.asm
                    TMR1L   0x000fce       data     extern E:\c18v3.46\pic18-lt\cxx-framework\src\traditional\proc\p18f4620.asm
                     TMR2   0x000fcc       data     extern E:\c18v3.46\pic18-lt\cxx-framework\src\traditional\proc\p18f4620.asm
                    TMR3H   0x000fb3       data     extern E:\c18v3.46\pic18-lt\cxx-framework\src\traditional\proc\p18f4620.asm
                    TMR3L   0x000fb2       data     extern E:\c18v3.46\pic18-lt\cxx-framework\src\traditional\proc\p18f4620.asm
                      TOS   0x000ffd       data     extern E:\c18v3.46\pic18-lt\cxx-framework\src\traditional\proc\p18f4620.asm
                     TOSH   0x000ffe       data     extern E:\c18v3.46\pic18-lt\cxx-framework\src\traditional\proc\p18f4620.asm
                     TOSL   0x000ffd       data     extern E:\c18v3.46\pic18-lt\cxx-framework\src\traditional\proc\p18f4620.asm
                     TOSU   0x000fff       data     extern E:\c18v3.46\pic18-lt\cxx-framework\src\traditional\proc\p18f4620.asm
                    TRISA   0x000f92       data     extern E:\c18v3.46\pic18-lt\cxx-framework\src\traditional\proc\p18f4620.asm
                TRISAbits   0x000f92       data     extern E:\c18v3.46\pic18-lt\cxx-framework\src\traditional\proc\p18f4620.asm
                    TRISB   0x000f93       data     extern E:\c18v3.46\pic18-lt\cxx-framework\src\traditional\proc\p18f4620.asm
                TRISBbits   0x000f93       data     extern E:\c18v3.46\pic18-lt\cxx-framework\src\traditional\proc\p18f4620.asm
                    TRISC   0x000f94       data     extern E:\c18v3.46\pic18-lt\cxx-framework\src\traditional\proc\p18f4620.asm
                TRISCbits   0x000f94       data     extern E:\c18v3.46\pic18-lt\cxx-framework\src\traditional\proc\p18f4620.asm
                    TRISD   0x000f95       data     extern E:\c18v3.46\pic18-lt\cxx-framework\src\traditional\proc\p18f4620.asm
                TRISDbits   0x000f95       data     extern E:\c18v3.46\pic18-lt\cxx-framework\src\traditional\proc\p18f4620.asm
                    TRISE   0x000f96       data     extern E:\c18v3.46\pic18-lt\cxx-framework\src\traditional\proc\p18f4620.asm
                TRISEbits   0x000f96       data     extern E:\c18v3.46\pic18-lt\cxx-framework\src\traditional\proc\p18f4620.asm
                    TXREG   0x000fad       data     extern E:\c18v3.46\pic18-lt\cxx-framework\src\traditional\proc\p18f4620.asm
                    TXSTA   0x000fac       data     extern E:\c18v3.46\pic18-lt\cxx-framework\src\traditional\proc\p18f4620.asm
                TXSTAbits   0x000fac       data     extern E:\c18v3.46\pic18-lt\cxx-framework\src\traditional\proc\p18f4620.asm
                 UserFont   0x000f00       data     extern D:\MPLABProjects\TrafficLight.X\lcd\lcd.c
                        W   0x000fe8       data     extern E:\c18v3.46\pic18-lt\cxx-framework\src\traditional\proc\p18f4620.asm
                   WDTCON   0x000fd1       data     extern E:\c18v3.46\pic18-lt\cxx-framework\src\traditional\proc\p18f4620.asm
               WDTCONbits   0x000fd1       data     extern E:\c18v3.46\pic18-lt\cxx-framework\src\traditional\proc\p18f4620.asm
                     WREG   0x000fe8       data     extern E:\c18v3.46\pic18-lt\cxx-framework\src\traditional\proc\p18f4620.asm
                 __AARGB0   0x000009       data     extern E:\c18v3.46\pic18-lt\cxx-framework\src\traditional\math\aarg.asm
                 __AARGB1   0x000008       data     extern E:\c18v3.46\pic18-lt\cxx-framework\src\traditional\math\aarg.asm
                 __AARGB2   0x000007       data     extern E:\c18v3.46\pic18-lt\cxx-framework\src\traditional\math\aarg.asm
                 __AARGB3   0x000006       data     extern E:\c18v3.46\pic18-lt\cxx-framework\src\traditional\math\aarg.asm
                 __AARGB4   0x000005       data     extern E:\c18v3.46\pic18-lt\cxx-framework\src\traditional\math\aarg.asm
                 __AARGB5   0x000004       data     extern E:\c18v3.46\pic18-lt\cxx-framework\src\traditional\math\aarg.asm
                 __AARGB6   0x000003       data     extern E:\c18v3.46\pic18-lt\cxx-framework\src\traditional\math\aarg.asm
                 __AARGB7   0x000002       data     extern E:\c18v3.46\pic18-lt\cxx-framework\src\traditional\math\aarg.asm
                   __AEXP   0x00000a       data     extern E:\c18v3.46\pic18-lt\cxx-framework\src\traditional\math\aarg.asm
                 __BARGB0   0x00000e       data     extern E:\c18v3.46\pic18-lt\cxx-framework\src\traditional\math\barg.asm
                 __BARGB1   0x00000d       data     extern E:\c18v3.46\pic18-lt\cxx-framework\src\traditional\math\barg.asm
                 __BARGB2   0x00000c       data     extern E:\c18v3.46\pic18-lt\cxx-framework\src\traditional\math\barg.asm
                 __BARGB3   0x00000b       data     extern E:\c18v3.46\pic18-lt\cxx-framework\src\traditional\math\barg.asm
                   __BEXP   0x00000f       data     extern E:\c18v3.46\pic18-lt\cxx-framework\src\traditional\math\barg.asm
                __FPFLAGS   0x000001       data     extern E:\c18v3.46\pic18-lt\cxx-framework\src\traditional\math\cmath18.asm
            __FPFLAGSbits   0x000001       data     extern E:\c18v3.46\pic18-lt\cxx-framework\src\traditional\math\cmath18.asm
                  __REMB0   0x000005       data     extern E:\c18v3.46\pic18-lt\cxx-framework\src\traditional\math\aarg.asm
                  __REMB1   0x000004       data     extern E:\c18v3.46\pic18-lt\cxx-framework\src\traditional\math\aarg.asm
                  __REMB2   0x000003       data     extern E:\c18v3.46\pic18-lt\cxx-framework\src\traditional\math\aarg.asm
                  __REMB3   0x000002       data     extern E:\c18v3.46\pic18-lt\cxx-framework\src\traditional\math\aarg.asm
                  __tmp_0   0x000010       data     static D:\MPLABProjects\TrafficLight.X\display\display.c
                  __tmp_0   0x000010       data     static D:\MPLABProjects\TrafficLight.X\main.c
                  __tmp_0   0x000010       data     static D:\MPLABProjects\TrafficLight.X\timer\timer.c
                  __tmp_0   0x000010       data     static D:\MPLABProjects\TrafficLight.X\lcd\lcd.c
                  __tmp_0   0x000010       data     static D:\MPLABProjects\TrafficLight.X\button\button.c
            arrayMapOfLed   0x0000f4       data     extern D:\MPLABProjects\TrafficLight.X\display\display.c
      arrayMaskInputOfKey   0x0000c4       data     extern D:\MPLABProjects\TrafficLight.X\button\button.c
     arrayMaskOutputOfKey   0x0000c0       data     extern D:\MPLABProjects\TrafficLight.X\button\button.c
            button_buffer   0x000120       data     static D:\MPLABProjects\TrafficLight.X\button\button.c
           button_counter   0x0000d8       data     extern D:\MPLABProjects\TrafficLight.X\button\button.c
             button_state   0x0000c8       data     extern D:\MPLABProjects\TrafficLight.X\button\button.c
                 counter1   0x000131       data     extern D:\MPLABProjects\TrafficLight.X\global\global.c
                 counter2   0x000132       data     extern D:\MPLABProjects\TrafficLight.X\global\global.c
                curr_byte   0x0000eb       data     static E:\c18v3.46\pic18-lt\cxx-framework\src\traditional\startup\c018i.c
               curr_entry   0x0000ed       data     static E:\c18v3.46\pic18-lt\cxx-framework\src\traditional\startup\c018i.c
              current_col   0x0000fe       data     extern D:\MPLABProjects\TrafficLight.X\lcd\lcd.c
              current_row   0x0000fc       data     extern D:\MPLABProjects\TrafficLight.X\lcd\lcd.c
                       d1   0x000100       data     static D:\MPLABProjects\TrafficLight.X\button\button.c
                       d2   0x000110       data     static D:\MPLABProjects\TrafficLight.X\button\button.c
                 data_ptr   0x0000ef       data     static E:\c18v3.46\pic18-lt\cxx-framework\src\traditional\startup\c018i.c
                 key_flag   0x000080       data     extern D:\MPLABProjects\TrafficLight.X\button\button.c
            long_key_flag   0x0000a0       data     extern D:\MPLABProjects\TrafficLight.X\button\button.c
               max_green1   0x000137       data     extern D:\MPLABProjects\TrafficLight.X\global\global.c
               max_green2   0x000138       data     extern D:\MPLABProjects\TrafficLight.X\global\global.c
                 max_red1   0x000133       data     extern D:\MPLABProjects\TrafficLight.X\global\global.c
                 max_red2   0x000134       data     extern D:\MPLABProjects\TrafficLight.X\global\global.c
              max_yellow1   0x000135       data     extern D:\MPLABProjects\TrafficLight.X\global\global.c
              max_yellow2   0x000136       data     extern D:\MPLABProjects\TrafficLight.X\global\global.c
                     prom   0x0000e8       data     static E:\c18v3.46\pic18-lt\cxx-framework\src\traditional\startup\c018i.c
              road1_light   0x0000f2       data     extern D:\MPLABProjects\TrafficLight.X\display\display.c
              road2_light   0x0000f3       data     extern D:\MPLABProjects\TrafficLight.X\display\display.c
                statusLCD   0x000f40       data     extern D:\MPLABProjects\TrafficLight.X\lcd\lcd.c
               timer0_cnt   0x000f72       data     extern D:\MPLABProjects\TrafficLight.X\timer\timer.c
              timer0_flag   0x000f69       data     extern D:\MPLABProjects\TrafficLight.X\timer\timer.c
             timer0_value   0x000f61       data     extern D:\MPLABProjects\TrafficLight.X\timer\timer.c
               timer1_cnt   0x000f74       data     extern D:\MPLABProjects\TrafficLight.X\timer\timer.c
              timer1_flag   0x000f6a       data     extern D:\MPLABProjects\TrafficLight.X\timer\timer.c
             timer1_value   0x000f63       data     extern D:\MPLABProjects\TrafficLight.X\timer\timer.c
               timer2_cnt   0x000f76       data     extern D:\MPLABProjects\TrafficLight.X\timer\timer.c
              timer2_flag   0x000f6b       data     extern D:\MPLABProjects\TrafficLight.X\timer\timer.c
             timer2_value   0x000f65       data     extern D:\MPLABProjects\TrafficLight.X\timer\timer.c
               timer3_cnt   0x000f78       data     extern D:\MPLABProjects\TrafficLight.X\timer\timer.c
              timer3_flag   0x000f6c       data     extern D:\MPLABProjects\TrafficLight.X\timer\timer.c
             timer3_value   0x000f67       data     extern D:\MPLABProjects\TrafficLight.X\timer\timer.c
               timer4_cnt   0x000f7a       data     extern D:\MPLABProjects\TrafficLight.X\timer\timer.c
              timer4_flag   0x000f6d       data     extern D:\MPLABProjects\TrafficLight.X\timer\timer.c
           traffic_status   0x000130       data     extern D:\MPLABProjects\TrafficLight.X\global\global.c
                   v_cnt0   0x000f6e       data     extern D:\MPLABProjects\TrafficLight.X\timer\timer.c
                   v_cnt1   0x000f70       data     extern D:\MPLABProjects\TrafficLight.X\timer\timer.c



                              Symbols - Sorted by Address
                     Name    Address   Location    Storage File                     
                ---------  ---------  ---------  --------- ---------                
                   _entry   0x000000    program     extern E:\c18v3.46\pic18-lt\cxx-framework\src\traditional\startup\c018i.c
       ___return_lbl00000   0x000004    program     static                          
                   __init   0x000006    program     extern E:\c18v3.46\pic18-lt\cxx-framework\src\traditional\stdclib\__init.c
      InterruptVectorHigh   0x000008    program     extern D:\MPLABProjects\TrafficLight.X\interrupt\interrupt.c
       ___return_lbl00003   0x00000c    program     static                          
       InterruptVectorLow   0x000018    program     extern D:\MPLABProjects\TrafficLight.X\interrupt\interrupt.c
       ___return_lbl00002   0x00001c    program     static                          
                lcd_delay   0x00005c    program     extern D:\MPLABProjects\TrafficLight.X\lcd\lcd.c
                 v_timer0   0x0000ec    program     extern D:\MPLABProjects\TrafficLight.X\lcd\lcd.c
          lcd_sendCommand   0x00017c    program     extern D:\MPLABProjects\TrafficLight.X\lcd\lcd.c
                 init_lcd   0x0001fc    program     extern D:\MPLABProjects\TrafficLight.X\lcd\lcd.c
          lcd_read_status   0x00030a    program     extern D:\MPLABProjects\TrafficLight.X\lcd\lcd.c
            lcd_wait_busy   0x0003c0    program     extern D:\MPLABProjects\TrafficLight.X\lcd\lcd.c
          lcd_write_4bits   0x0003e0    program     extern D:\MPLABProjects\TrafficLight.X\lcd\lcd.c
            lcd_write_cmd   0x000426    program     extern D:\MPLABProjects\TrafficLight.X\lcd\lcd.c
           lcd_write_data   0x000462    program     extern D:\MPLABProjects\TrafficLight.X\lcd\lcd.c
              lcd_putchar   0x0004a0    program     extern D:\MPLABProjects\TrafficLight.X\lcd\lcd.c
           lcd_print_char   0x0004ba    program     extern D:\MPLABProjects\TrafficLight.X\lcd\lcd.c
            lcd_print_str   0x0004d4    program     extern D:\MPLABProjects\TrafficLight.X\lcd\lcd.c
           lcd_set_cursor   0x000514    program     extern D:\MPLABProjects\TrafficLight.X\lcd\lcd.c
                lcd_clear   0x00054e    program     extern D:\MPLABProjects\TrafficLight.X\lcd\lcd.c
             lcd_power_of   0x000562    program     extern D:\MPLABProjects\TrafficLight.X\lcd\lcd.c
            lcd_print_num   0x000644    program     extern D:\MPLABProjects\TrafficLight.X\lcd\lcd.c
              LcdPrintNum   0x00087a    program     extern D:\MPLABProjects\TrafficLight.X\lcd\lcd.c
           LcdPrintString   0x0008c2    program     extern D:\MPLABProjects\TrafficLight.X\lcd\lcd.c
          lcd_print_charS   0x0008f6    program     extern D:\MPLABProjects\TrafficLight.X\lcd\lcd.c
                LcdClearS   0x00093c    program     extern D:\MPLABProjects\TrafficLight.X\lcd\lcd.c
         DisplayLcdScreen   0x00099a    program     extern D:\MPLABProjects\TrafficLight.X\lcd\lcd.c
        DisplayLcdScreen2   0x000a92    program     extern D:\MPLABProjects\TrafficLight.X\lcd\lcd.c
      DisplayLcdScreenOld   0x000b18    program     extern D:\MPLABProjects\TrafficLight.X\lcd\lcd.c
            LcdPrintCharS   0x000b82    program     extern D:\MPLABProjects\TrafficLight.X\lcd\lcd.c
             LcdPrintNumS   0x000bd8    program     extern D:\MPLABProjects\TrafficLight.X\lcd\lcd.c
          LcdPrintStringS   0x000e26    program     extern D:\MPLABProjects\TrafficLight.X\lcd\lcd.c
                 fsm_mode   0x000e7c    program     extern D:\MPLABProjects\TrafficLight.X\fsm\fsm.c
                 fsm_auto   0x0011bc    program     extern D:\MPLABProjects\TrafficLight.X\fsm\fsm.c
                  fsm_man   0x001352    program     extern D:\MPLABProjects\TrafficLight.X\fsm\fsm.c
               fsm_config   0x001598    program     extern D:\MPLABProjects\TrafficLight.X\fsm\fsm.c
              init_timer0   0x001c66    program     extern D:\MPLABProjects\TrafficLight.X\timer\timer.c
              stop_timer0   0x001d1a    program     extern D:\MPLABProjects\TrafficLight.X\timer\timer.c
             start_timer0   0x001d1e    program     extern D:\MPLABProjects\TrafficLight.X\timer\timer.c
              init_timer1   0x001daa    program     extern D:\MPLABProjects\TrafficLight.X\timer\timer.c
             start_timer1   0x001e64    program     extern D:\MPLABProjects\TrafficLight.X\timer\timer.c
              stop_timer1   0x001ef0    program     extern D:\MPLABProjects\TrafficLight.X\timer\timer.c
              init_timer2   0x001ef4    program     extern D:\MPLABProjects\TrafficLight.X\timer\timer.c
             start_timer2   0x001f20    program     extern D:\MPLABProjects\TrafficLight.X\timer\timer.c
              stop_timer2   0x001f28    program     extern D:\MPLABProjects\TrafficLight.X\timer\timer.c
              init_timer3   0x001f2c    program     extern D:\MPLABProjects\TrafficLight.X\timer\timer.c
             start_timer3   0x001fe2    program     extern D:\MPLABProjects\TrafficLight.X\timer\timer.c
              stop_timer3   0x00206e    program     extern D:\MPLABProjects\TrafficLight.X\timer\timer.c
               timer0_isr   0x002072    program     extern D:\MPLABProjects\TrafficLight.X\timer\timer.c
               timer1_isr   0x002092    program     extern D:\MPLABProjects\TrafficLight.X\timer\timer.c
               timer2_isr   0x0020b2    program     extern D:\MPLABProjects\TrafficLight.X\timer\timer.c
               timer3_isr   0x0020d2    program     extern D:\MPLABProjects\TrafficLight.X\timer\timer.c
             SetTimer0_ms   0x00210e    program     extern D:\MPLABProjects\TrafficLight.X\timer\timer.c
             SetTimer1_ms   0x00212e    program     extern D:\MPLABProjects\TrafficLight.X\timer\timer.c
             SetTimer3_ms   0x002168    program     extern D:\MPLABProjects\TrafficLight.X\timer\timer.c
             SetTimer4_ms   0x0021a2    program     extern D:\MPLABProjects\TrafficLight.X\timer\timer.c
       clear_button_flags   0x0021dc    program     extern D:\MPLABProjects\TrafficLight.X\button\button.c
          is_button_press   0x002228    program     extern D:\MPLABProjects\TrafficLight.X\button\button.c
     is_button_long_press   0x00225e    program     extern D:\MPLABProjects\TrafficLight.X\button\button.c
           button_process   0x002294    program     extern D:\MPLABProjects\TrafficLight.X\button\button.c
          init_key_matrix   0x0024b4    program     extern D:\MPLABProjects\TrafficLight.X\button\button.c
          scan_key_matrix   0x0024bc    program     extern D:\MPLABProjects\TrafficLight.X\button\button.c
                 led_init   0x002704    program     extern D:\MPLABProjects\TrafficLight.X\display\display.c
                turnLedOn   0x002708    program     extern D:\MPLABProjects\TrafficLight.X\display\display.c
               turnLedOff   0x00274c    program     extern D:\MPLABProjects\TrafficLight.X\display\display.c
                toggleLed   0x002790    program     extern D:\MPLABProjects\TrafficLight.X\display\display.c
             setRoad1_red   0x0027d4    program     extern D:\MPLABProjects\TrafficLight.X\display\display.c
          setRoad1_yellow   0x0027f4    program     extern D:\MPLABProjects\TrafficLight.X\display\display.c
           setRoad1_green   0x002816    program     extern D:\MPLABProjects\TrafficLight.X\display\display.c
           setRoad1_blank   0x002838    program     extern D:\MPLABProjects\TrafficLight.X\display\display.c
          toggleRoad1_red   0x00285a    program     extern D:\MPLABProjects\TrafficLight.X\display\display.c
       toggleRoad1_yellow   0x00286a    program     extern D:\MPLABProjects\TrafficLight.X\display\display.c
        toggleRoad1_green   0x00287a    program     extern D:\MPLABProjects\TrafficLight.X\display\display.c
             setRoad2_red   0x00288a    program     extern D:\MPLABProjects\TrafficLight.X\display\display.c
          setRoad2_yellow   0x0028ac    program     extern D:\MPLABProjects\TrafficLight.X\display\display.c
           setRoad2_green   0x0028d0    program     extern D:\MPLABProjects\TrafficLight.X\display\display.c
           setRoad2_blank   0x0028f4    program     extern D:\MPLABProjects\TrafficLight.X\display\display.c
          toggleRoad2_red   0x002918    program     extern D:\MPLABProjects\TrafficLight.X\display\display.c
       toggleRoad2_yellow   0x002928    program     extern D:\MPLABProjects\TrafficLight.X\display\display.c
        toggleRoad2_green   0x002938    program     extern D:\MPLABProjects\TrafficLight.X\display\display.c
           displayCounter   0x002948    program     extern D:\MPLABProjects\TrafficLight.X\display\display.c
           init_interrupt   0x002a82    program     extern D:\MPLABProjects\TrafficLight.X\interrupt\interrupt.c
            init_ext_int0   0x002a8a    program     extern D:\MPLABProjects\TrafficLight.X\interrupt\interrupt.c
                  low_isr   0x002a92    program     extern D:\MPLABProjects\TrafficLight.X\interrupt\interrupt.c
                 high_isr   0x002b76    program     extern D:\MPLABProjects\TrafficLight.X\interrupt\interrupt.c
                     main   0x002c4a    program     extern D:\MPLABProjects\TrafficLight.X\main.c
              init_system   0x002c66    program     extern D:\MPLABProjects\TrafficLight.X\main.c
                 delay_ms   0x002cb4    program     extern D:\MPLABProjects\TrafficLight.X\main.c
                 FXD1616S   0x002d3c    program     extern E:\c18v3.46\pic18-lt\cxx-framework\src\traditional\math\fxd1616s.asm
                  DA1616S   0x002d4e    program     static E:\c18v3.46\pic18-lt\cxx-framework\src\traditional\math\fxd1616s.asm
                   D1616S   0x002d5e    program     static E:\c18v3.46\pic18-lt\cxx-framework\src\traditional\math\fxd1616s.asm
                 D1616SOK   0x002d68    program     static E:\c18v3.46\pic18-lt\cxx-framework\src\traditional\math\fxd1616s.asm
                D1616SNEG   0x002d6c    program     static E:\c18v3.46\pic18-lt\cxx-framework\src\traditional\math\fxd1616s.asm
                  D1616SX   0x002d7e    program     static E:\c18v3.46\pic18-lt\cxx-framework\src\traditional\math\fxd1616s.asm
                 FXD2424S   0x002d88    program     extern E:\c18v3.46\pic18-lt\cxx-framework\src\traditional\math\fxd2424s.asm
                  DA2424S   0x002d9e    program     static E:\c18v3.46\pic18-lt\cxx-framework\src\traditional\math\fxd2424s.asm
                   D2424S   0x002db2    program     static E:\c18v3.46\pic18-lt\cxx-framework\src\traditional\math\fxd2424s.asm
                 D2424SOK   0x002dbc    program     static E:\c18v3.46\pic18-lt\cxx-framework\src\traditional\math\fxd2424s.asm
                D2424SNEG   0x002dc0    program     static E:\c18v3.46\pic18-lt\cxx-framework\src\traditional\math\fxd2424s.asm
                  D2424SX   0x002dd8    program     static E:\c18v3.46\pic18-lt\cxx-framework\src\traditional\math\fxd2424s.asm
                _do_cinit   0x002de2    program     extern E:\c18v3.46\pic18-lt\cxx-framework\src\traditional\startup\c018i.c
                     test   0x002dfc    program     static                          
                copy_loop   0x002e54    program     static                          
            copy_one_byte   0x002e5a    program     static                          
             done_copying   0x002e68    program     static                          
       ___return_lbl00002   0x002e7e    program     static                          
                     done   0x002e7e    program     static                          
                  FXM3232   0x002e80    program     extern E:\c18v3.46\pic18-lt\cxx-framework\src\traditional\math\fxm3232.c
       ___return_lbl00000   0x002eee    program     static                          
               __string_4   0x002ef0    program     static D:\MPLABProjects\TrafficLight.X\display\display.c
               __string_3   0x002ef3    program     static D:\MPLABProjects\TrafficLight.X\display\display.c
               __string_2   0x002ef7    program     static D:\MPLABProjects\TrafficLight.X\display\display.c
               __string_1   0x002efb    program     static D:\MPLABProjects\TrafficLight.X\display\display.c
               __string_0   0x002eff    program     static D:\MPLABProjects\TrafficLight.X\display\display.c
               __string_4   0x002f03    program     static D:\MPLABProjects\TrafficLight.X\fsm\fsm.c
               __string_3   0x002f14    program     static D:\MPLABProjects\TrafficLight.X\fsm\fsm.c
               __string_2   0x002f25    program     static D:\MPLABProjects\TrafficLight.X\fsm\fsm.c
               __string_1   0x002f36    program     static D:\MPLABProjects\TrafficLight.X\fsm\fsm.c
               __string_0   0x002f47    program     static D:\MPLABProjects\TrafficLight.X\fsm\fsm.c
                 FXD3232U   0x002f58    program     extern E:\c18v3.46\pic18-lt\cxx-framework\src\traditional\math\fxd3232u.c
                     loop   0x002f66    program     static                          
                   _false   0x002f9a    program     static                          
       ___return_lbl00000   0x002f9e    program     static                          
                 FXD2424U   0x002fa0    program     extern E:\c18v3.46\pic18-lt\cxx-framework\src\traditional\math\fxd2424u.c
                     loop   0x002fac    program     static                          
                   _false   0x002fd4    program     static                          
       ___return_lbl00000   0x002fd8    program     static                          
                 FXD1616U   0x002fda    program     extern E:\c18v3.46\pic18-lt\cxx-framework\src\traditional\math\fxd1616u.c
                     loop   0x002fe4    program     static                          
                  endloop   0x003000    program     static                          
       ___return_lbl00000   0x003004    program     static                          
            __zero_memory   0x003006    program     extern E:\c18v3.46\pic18-lt\cxx-framework\src\traditional\proc\p18f4620.asm
               zero_block   0x003014    program     static E:\c18v3.46\pic18-lt\cxx-framework\src\traditional\proc\p18f4620.asm
                   loop_h   0x003014    program     static E:\c18v3.46\pic18-lt\cxx-framework\src\traditional\proc\p18f4620.asm
                compare_l   0x00301c    program     static E:\c18v3.46\pic18-lt\cxx-framework\src\traditional\proc\p18f4620.asm
                   loop_l   0x00301e    program     static E:\c18v3.46\pic18-lt\cxx-framework\src\traditional\proc\p18f4620.asm
                 _startup   0x003026    program     extern E:\c18v3.46\pic18-lt\cxx-framework\src\traditional\startup\c018i.c
                     loop   0x003036    program     static                          
       ___return_lbl00001   0x003040    program     static                          
                 FXD0808U   0x003042    program     extern E:\c18v3.46\pic18-lt\cxx-framework\src\traditional\math\fxd0808u.c
                     loop   0x00304a    program     static                          
                  endloop   0x003058    program     static                          
       ___return_lbl00000   0x00305c    program     static                          
               __config_0   0x300001    program     static D:\MPLABProjects\TrafficLight.X\main.c
               __config_1   0x300002    program     static D:\MPLABProjects\TrafficLight.X\main.c
               __config_2   0x300003    program     static D:\MPLABProjects\TrafficLight.X\main.c
               __config_3   0x300005    program     static D:\MPLABProjects\TrafficLight.X\main.c
               __config_4   0x300006    program     static D:\MPLABProjects\TrafficLight.X\main.c
               __config_5   0x300008    program     static D:\MPLABProjects\TrafficLight.X\main.c
               __config_6   0x300009    program     static D:\MPLABProjects\TrafficLight.X\main.c
               __config_7   0x30000a    program     static D:\MPLABProjects\TrafficLight.X\main.c
               __config_8   0x30000b    program     static D:\MPLABProjects\TrafficLight.X\main.c
               __config_9   0x30000c    program     static D:\MPLABProjects\TrafficLight.X\main.c
              __config_10   0x30000d    program     static D:\MPLABProjects\TrafficLight.X\main.c
                     SIGN   0x000000       data     extern E:\c18v3.46\pic18-lt\cxx-framework\src\traditional\math\cmath18.asm
            __FPFLAGSbits   0x000001       data     extern E:\c18v3.46\pic18-lt\cxx-framework\src\traditional\math\cmath18.asm
                __FPFLAGS   0x000001       data     extern E:\c18v3.46\pic18-lt\cxx-framework\src\traditional\math\cmath18.asm
                  __REMB3   0x000002       data     extern E:\c18v3.46\pic18-lt\cxx-framework\src\traditional\math\aarg.asm
                 __AARGB7   0x000002       data     extern E:\c18v3.46\pic18-lt\cxx-framework\src\traditional\math\aarg.asm
                  __REMB2   0x000003       data     extern E:\c18v3.46\pic18-lt\cxx-framework\src\traditional\math\aarg.asm
                 __AARGB6   0x000003       data     extern E:\c18v3.46\pic18-lt\cxx-framework\src\traditional\math\aarg.asm
                 __AARGB5   0x000004       data     extern E:\c18v3.46\pic18-lt\cxx-framework\src\traditional\math\aarg.asm
                  __REMB1   0x000004       data     extern E:\c18v3.46\pic18-lt\cxx-framework\src\traditional\math\aarg.asm
                  __REMB0   0x000005       data     extern E:\c18v3.46\pic18-lt\cxx-framework\src\traditional\math\aarg.asm
                 __AARGB4   0x000005       data     extern E:\c18v3.46\pic18-lt\cxx-framework\src\traditional\math\aarg.asm
                 __AARGB3   0x000006       data     extern E:\c18v3.46\pic18-lt\cxx-framework\src\traditional\math\aarg.asm
                 __AARGB2   0x000007       data     extern E:\c18v3.46\pic18-lt\cxx-framework\src\traditional\math\aarg.asm
                 __AARGB1   0x000008       data     extern E:\c18v3.46\pic18-lt\cxx-framework\src\traditional\math\aarg.asm
                 __AARGB0   0x000009       data     extern E:\c18v3.46\pic18-lt\cxx-framework\src\traditional\math\aarg.asm
                   __AEXP   0x00000a       data     extern E:\c18v3.46\pic18-lt\cxx-framework\src\traditional\math\aarg.asm
                 __BARGB3   0x00000b       data     extern E:\c18v3.46\pic18-lt\cxx-framework\src\traditional\math\barg.asm
                 __BARGB2   0x00000c       data     extern E:\c18v3.46\pic18-lt\cxx-framework\src\traditional\math\barg.asm
                 __BARGB1   0x00000d       data     extern E:\c18v3.46\pic18-lt\cxx-framework\src\traditional\math\barg.asm
                 __BARGB0   0x00000e       data     extern E:\c18v3.46\pic18-lt\cxx-framework\src\traditional\math\barg.asm
                   __BEXP   0x00000f       data     extern E:\c18v3.46\pic18-lt\cxx-framework\src\traditional\math\barg.asm
                  __tmp_0   0x000010       data     static D:\MPLABProjects\TrafficLight.X\display\display.c
                  __tmp_0   0x000010       data     static D:\MPLABProjects\TrafficLight.X\main.c
                  __tmp_0   0x000010       data     static D:\MPLABProjects\TrafficLight.X\timer\timer.c
                  __tmp_0   0x000010       data     static D:\MPLABProjects\TrafficLight.X\lcd\lcd.c
                  __tmp_0   0x000010       data     static D:\MPLABProjects\TrafficLight.X\button\button.c
                 key_flag   0x000080       data     extern D:\MPLABProjects\TrafficLight.X\button\button.c
            long_key_flag   0x0000a0       data     extern D:\MPLABProjects\TrafficLight.X\button\button.c
     arrayMaskOutputOfKey   0x0000c0       data     extern D:\MPLABProjects\TrafficLight.X\button\button.c
      arrayMaskInputOfKey   0x0000c4       data     extern D:\MPLABProjects\TrafficLight.X\button\button.c
             button_state   0x0000c8       data     extern D:\MPLABProjects\TrafficLight.X\button\button.c
           button_counter   0x0000d8       data     extern D:\MPLABProjects\TrafficLight.X\button\button.c
                     prom   0x0000e8       data     static E:\c18v3.46\pic18-lt\cxx-framework\src\traditional\startup\c018i.c
                curr_byte   0x0000eb       data     static E:\c18v3.46\pic18-lt\cxx-framework\src\traditional\startup\c018i.c
               curr_entry   0x0000ed       data     static E:\c18v3.46\pic18-lt\cxx-framework\src\traditional\startup\c018i.c
                 data_ptr   0x0000ef       data     static E:\c18v3.46\pic18-lt\cxx-framework\src\traditional\startup\c018i.c
              road1_light   0x0000f2       data     extern D:\MPLABProjects\TrafficLight.X\display\display.c
              road2_light   0x0000f3       data     extern D:\MPLABProjects\TrafficLight.X\display\display.c
            arrayMapOfLed   0x0000f4       data     extern D:\MPLABProjects\TrafficLight.X\display\display.c
              current_row   0x0000fc       data     extern D:\MPLABProjects\TrafficLight.X\lcd\lcd.c
              current_col   0x0000fe       data     extern D:\MPLABProjects\TrafficLight.X\lcd\lcd.c
                       d1   0x000100       data     static D:\MPLABProjects\TrafficLight.X\button\button.c
                       d2   0x000110       data     static D:\MPLABProjects\TrafficLight.X\button\button.c
            button_buffer   0x000120       data     static D:\MPLABProjects\TrafficLight.X\button\button.c
           traffic_status   0x000130       data     extern D:\MPLABProjects\TrafficLight.X\global\global.c
                 counter1   0x000131       data     extern D:\MPLABProjects\TrafficLight.X\global\global.c
                 counter2   0x000132       data     extern D:\MPLABProjects\TrafficLight.X\global\global.c
                 max_red1   0x000133       data     extern D:\MPLABProjects\TrafficLight.X\global\global.c
                 max_red2   0x000134       data     extern D:\MPLABProjects\TrafficLight.X\global\global.c
              max_yellow1   0x000135       data     extern D:\MPLABProjects\TrafficLight.X\global\global.c
              max_yellow2   0x000136       data     extern D:\MPLABProjects\TrafficLight.X\global\global.c
               max_green1   0x000137       data     extern D:\MPLABProjects\TrafficLight.X\global\global.c
               max_green2   0x000138       data     extern D:\MPLABProjects\TrafficLight.X\global\global.c
                 UserFont   0x000f00       data     extern D:\MPLABProjects\TrafficLight.X\lcd\lcd.c
                statusLCD   0x000f40       data     extern D:\MPLABProjects\TrafficLight.X\lcd\lcd.c
                LcdScreen   0x000f41       data     extern D:\MPLABProjects\TrafficLight.X\lcd\lcd.c
             timer0_value   0x000f61       data     extern D:\MPLABProjects\TrafficLight.X\timer\timer.c
             timer1_value   0x000f63       data     extern D:\MPLABProjects\TrafficLight.X\timer\timer.c
             timer2_value   0x000f65       data     extern D:\MPLABProjects\TrafficLight.X\timer\timer.c
             timer3_value   0x000f67       data     extern D:\MPLABProjects\TrafficLight.X\timer\timer.c
              timer0_flag   0x000f69       data     extern D:\MPLABProjects\TrafficLight.X\timer\timer.c
              timer1_flag   0x000f6a       data     extern D:\MPLABProjects\TrafficLight.X\timer\timer.c
              timer2_flag   0x000f6b       data     extern D:\MPLABProjects\TrafficLight.X\timer\timer.c
              timer3_flag   0x000f6c       data     extern D:\MPLABProjects\TrafficLight.X\timer\timer.c
              timer4_flag   0x000f6d       data     extern D:\MPLABProjects\TrafficLight.X\timer\timer.c
[...]
                     DDRC   0x000f94       data     extern E:\c18v3.46\pic18-lt\cxx-framework\src\traditional\proc\p18f4620.asm
                 DDRCbits   0x000f94       data     extern E:\c18v3.46\pic18-lt\cxx-framework\src\traditional\proc\p18f4620.asm
                    TRISD   0x000f95       data     extern E:\c18v3.46\pic18-lt\cxx-framework\src\traditional\proc\p18f4620.asm
                TRISDbits   0x000f95       data     extern E:\c18v3.46\pic18-lt\cxx-framework\src\traditional\proc\p18f4620.asm
                     DDRD   0x000f95       data     extern E:\c18v3.46\pic18-lt\cxx-framework\src\traditional\proc\p18f4620.asm
                 DDRDbits   0x000f95       data     extern E:\c18v3.46\pic18-lt\cxx-framework\src\traditional\proc\p18f4620.asm
                 DDREbits   0x000f96       data     extern E:\c18v3.46\pic18-lt\cxx-framework\src\traditional\proc\p18f4620.asm
                     DDRE   0x000f96       data     extern E:\c18v3.46\pic18-lt\cxx-framework\src\traditional\proc\p18f4620.asm
                TRISEbits   0x000f96       data     extern E:\c18v3.46\pic18-lt\cxx-framework\src\traditional\proc\p18f4620.asm
                    TRISE   0x000f96       data     extern E:\c18v3.46\pic18-lt\cxx-framework\src\traditional\proc\p18f4620.asm
              OSCTUNEbits   0x000f9b       data     extern E:\c18v3.46\pic18-lt\cxx-framework\src\traditional\proc\p18f4620.asm
                  OSCTUNE   0x000f9b       data     extern E:\c18v3.46\pic18-lt\cxx-framework\src\traditional\proc\p18f4620.asm
                 PIE1bits   0x000f9d       data     extern E:\c18v3.46\pic18-lt\cxx-framework\src\traditional\proc\p18f4620.asm
                     PIE1   0x000f9d       data     extern E:\c18v3.46\pic18-lt\cxx-framework\src\traditional\proc\p18f4620.asm
                     PIR1   0x000f9e       data     extern E:\c18v3.46\pic18-lt\cxx-framework\src\traditional\proc\p18f4620.asm
                 PIR1bits   0x000f9e       data     extern E:\c18v3.46\pic18-lt\cxx-framework\src\traditional\proc\p18f4620.asm
                     IPR1   0x000f9f       data     extern E:\c18v3.46\pic18-lt\cxx-framework\src\traditional\proc\p18f4620.asm
                 IPR1bits   0x000f9f       data     extern E:\c18v3.46\pic18-lt\cxx-framework\src\traditional\proc\p18f4620.asm
                 PIE2bits   0x000fa0       data     extern E:\c18v3.46\pic18-lt\cxx-framework\src\traditional\proc\p18f4620.asm
                     PIE2   0x000fa0       data     extern E:\c18v3.46\pic18-lt\cxx-framework\src\traditional\proc\p18f4620.asm
                     PIR2   0x000fa1       data     extern E:\c18v3.46\pic18-lt\cxx-framework\src\traditional\proc\p18f4620.asm
                 PIR2bits   0x000fa1       data     extern E:\c18v3.46\pic18-lt\cxx-framework\src\traditional\proc\p18f4620.asm
                 IPR2bits   0x000fa2       data     extern E:\c18v3.46\pic18-lt\cxx-framework\src\traditional\proc\p18f4620.asm
                     IPR2   0x000fa2       data     extern E:\c18v3.46\pic18-lt\cxx-framework\src\traditional\proc\p18f4620.asm
               EECON1bits   0x000fa6       data     extern E:\c18v3.46\pic18-lt\cxx-framework\src\traditional\proc\p18f4620.asm
                   EECON1   0x000fa6       data     extern E:\c18v3.46\pic18-lt\cxx-framework\src\traditional\proc\p18f4620.asm
                   EECON2   0x000fa7       data     extern E:\c18v3.46\pic18-lt\cxx-framework\src\traditional\proc\p18f4620.asm
                   EEDATA   0x000fa8       data     extern E:\c18v3.46\pic18-lt\cxx-framework\src\traditional\proc\p18f4620.asm
                    EEADR   0x000fa9       data     extern E:\c18v3.46\pic18-lt\cxx-framework\src\traditional\proc\p18f4620.asm
                   EEADRH   0x000faa       data     extern E:\c18v3.46\pic18-lt\cxx-framework\src\traditional\proc\p18f4620.asm
                    RCSTA   0x000fab       data     extern E:\c18v3.46\pic18-lt\cxx-framework\src\traditional\proc\p18f4620.asm
                RCSTAbits   0x000fab       data     extern E:\c18v3.46\pic18-lt\cxx-framework\src\traditional\proc\p18f4620.asm
                    TXSTA   0x000fac       data     extern E:\c18v3.46\pic18-lt\cxx-framework\src\traditional\proc\p18f4620.asm
                TXSTAbits   0x000fac       data     extern E:\c18v3.46\pic18-lt\cxx-framework\src\traditional\proc\p18f4620.asm
                    TXREG   0x000fad       data     extern E:\c18v3.46\pic18-lt\cxx-framework\src\traditional\proc\p18f4620.asm
                    RCREG   0x000fae       data     extern E:\c18v3.46\pic18-lt\cxx-framework\src\traditional\proc\p18f4620.asm
                    SPBRG   0x000faf       data     extern E:\c18v3.46\pic18-lt\cxx-framework\src\traditional\proc\p18f4620.asm
                   SPBRGH   0x000fb0       data     extern E:\c18v3.46\pic18-lt\cxx-framework\src\traditional\proc\p18f4620.asm
                T3CONbits   0x000fb1       data     extern E:\c18v3.46\pic18-lt\cxx-framework\src\traditional\proc\p18f4620.asm
                    T3CON   0x000fb1       data     extern E:\c18v3.46\pic18-lt\cxx-framework\src\traditional\proc\p18f4620.asm
                    TMR3L   0x000fb2       data     extern E:\c18v3.46\pic18-lt\cxx-framework\src\traditional\proc\p18f4620.asm
                    TMR3H   0x000fb3       data     extern E:\c18v3.46\pic18-lt\cxx-framework\src\traditional\proc\p18f4620.asm
                    CMCON   0x000fb4       data     extern E:\c18v3.46\pic18-lt\cxx-framework\src\traditional\proc\p18f4620.asm
                CMCONbits   0x000fb4       data     extern E:\c18v3.46\pic18-lt\cxx-framework\src\traditional\proc\p18f4620.asm
               CVRCONbits   0x000fb5       data     extern E:\c18v3.46\pic18-lt\cxx-framework\src\traditional\proc\p18f4620.asm
                   CVRCON   0x000fb5       data     extern E:\c18v3.46\pic18-lt\cxx-framework\src\traditional\proc\p18f4620.asm
              ECCP1ASbits   0x000fb6       data     extern E:\c18v3.46\pic18-lt\cxx-framework\src\traditional\proc\p18f4620.asm
                  ECCP1AS   0x000fb6       data     extern E:\c18v3.46\pic18-lt\cxx-framework\src\traditional\proc\p18f4620.asm
                  PWM1CON   0x000fb7       data     extern E:\c18v3.46\pic18-lt\cxx-framework\src\traditional\proc\p18f4620.asm
              PWM1CONbits   0x000fb7       data     extern E:\c18v3.46\pic18-lt\cxx-framework\src\traditional\proc\p18f4620.asm
                  BAUDCTL   0x000fb8       data     extern E:\c18v3.46\pic18-lt\cxx-framework\src\traditional\proc\p18f4620.asm
              BAUDCTLbits   0x000fb8       data     extern E:\c18v3.46\pic18-lt\cxx-framework\src\traditional\proc\p18f4620.asm
              BAUDCONbits   0x000fb8       data     extern E:\c18v3.46\pic18-lt\cxx-framework\src\traditional\proc\p18f4620.asm
                  BAUDCON   0x000fb8       data     extern E:\c18v3.46\pic18-lt\cxx-framework\src\traditional\proc\p18f4620.asm
              CCP2CONbits   0x000fba       data     extern E:\c18v3.46\pic18-lt\cxx-framework\src\traditional\proc\p18f4620.asm
                  CCP2CON   0x000fba       data     extern E:\c18v3.46\pic18-lt\cxx-framework\src\traditional\proc\p18f4620.asm
                    CCPR2   0x000fbb       data     extern E:\c18v3.46\pic18-lt\cxx-framework\src\traditional\proc\p18f4620.asm
                   CCPR2L   0x000fbb       data     extern E:\c18v3.46\pic18-lt\cxx-framework\src\traditional\proc\p18f4620.asm
                   CCPR2H   0x000fbc       data     extern E:\c18v3.46\pic18-lt\cxx-framework\src\traditional\proc\p18f4620.asm
              CCP1CONbits   0x000fbd       data     extern E:\c18v3.46\pic18-lt\cxx-framework\src\traditional\proc\p18f4620.asm
                  CCP1CON   0x000fbd       data     extern E:\c18v3.46\pic18-lt\cxx-framework\src\traditional\proc\p18f4620.asm
                    CCPR1   0x000fbe       data     extern E:\c18v3.46\pic18-lt\cxx-framework\src\traditional\proc\p18f4620.asm
                   CCPR1L   0x000fbe       data     extern E:\c18v3.46\pic18-lt\cxx-framework\src\traditional\proc\p18f4620.asm
                   CCPR1H   0x000fbf       data     extern E:\c18v3.46\pic18-lt\cxx-framework\src\traditional\proc\p18f4620.asm
               ADCON2bits   0x000fc0       data     extern E:\c18v3.46\pic18-lt\cxx-framework\src\traditional\proc\p18f4620.asm
                   ADCON2   0x000fc0       data     extern E:\c18v3.46\pic18-lt\cxx-framework\src\traditional\proc\p18f4620.asm
                   ADCON1   0x000fc1       data     extern E:\c18v3.46\pic18-lt\cxx-framework\src\traditional\proc\p18f4620.asm
               ADCON1bits   0x000fc1       data     extern E:\c18v3.46\pic18-lt\cxx-framework\src\traditional\proc\p18f4620.asm
                   ADCON0   0x000fc2       data     extern E:\c18v3.46\pic18-lt\cxx-framework\src\traditional\proc\p18f4620.asm
               ADCON0bits   0x000fc2       data     extern E:\c18v3.46\pic18-lt\cxx-framework\src\traditional\proc\p18f4620.asm
                    ADRES   0x000fc3       data     extern E:\c18v3.46\pic18-lt\cxx-framework\src\traditional\proc\p18f4620.asm
                   ADRESL   0x000fc3       data     extern E:\c18v3.46\pic18-lt\cxx-framework\src\traditional\proc\p18f4620.asm
                   ADRESH   0x000fc4       data     extern E:\c18v3.46\pic18-lt\cxx-framework\src\traditional\proc\p18f4620.asm
              SSPCON2bits   0x000fc5       data     extern E:\c18v3.46\pic18-lt\cxx-framework\src\traditional\proc\p18f4620.asm
                  SSPCON2   0x000fc5       data     extern E:\c18v3.46\pic18-lt\cxx-framework\src\traditional\proc\p18f4620.asm
                  SSPCON1   0x000fc6       data     extern E:\c18v3.46\pic18-lt\cxx-framework\src\traditional\proc\p18f4620.asm
              SSPCON1bits   0x000fc6       data     extern E:\c18v3.46\pic18-lt\cxx-framework\src\traditional\proc\p18f4620.asm
                  SSPSTAT   0x000fc7       data     extern E:\c18v3.46\pic18-lt\cxx-framework\src\traditional\proc\p18f4620.asm
              SSPSTATbits   0x000fc7       data     extern E:\c18v3.46\pic18-lt\cxx-framework\src\traditional\proc\p18f4620.asm
                   SSPADD   0x000fc8       data     extern E:\c18v3.46\pic18-lt\cxx-framework\src\traditional\proc\p18f4620.asm
                   SSPBUF   0x000fc9       data     extern E:\c18v3.46\pic18-lt\cxx-framework\src\traditional\proc\p18f4620.asm
                    T2CON   0x000fca       data     extern E:\c18v3.46\pic18-lt\cxx-framework\src\traditional\proc\p18f4620.asm
                T2CONbits   0x000fca       data     extern E:\c18v3.46\pic18-lt\cxx-framework\src\traditional\proc\p18f4620.asm
                      PR2   0x000fcb       data     extern E:\c18v3.46\pic18-lt\cxx-framework\src\traditional\proc\p18f4620.asm
                     TMR2   0x000fcc       data     extern E:\c18v3.46\pic18-lt\cxx-framework\src\traditional\proc\p18f4620.asm
                    T1CON   0x000fcd       data     extern E:\c18v3.46\pic18-lt\cxx-framework\src\traditional\proc\p18f4620.asm
                T1CONbits   0x000fcd       data     extern E:\c18v3.46\pic18-lt\cxx-framework\src\traditional\proc\p18f4620.asm
                    TMR1L   0x000fce       data     extern E:\c18v3.46\pic18-lt\cxx-framework\src\traditional\proc\p18f4620.asm
                    TMR1H   0x000fcf       data     extern E:\c18v3.46\pic18-lt\cxx-framework\src\traditional\proc\p18f4620.asm
                     RCON   0x000fd0       data     extern E:\c18v3.46\pic18-lt\cxx-framework\src\traditional\proc\p18f4620.asm
                 RCONbits   0x000fd0       data     extern E:\c18v3.46\pic18-lt\cxx-framework\src\traditional\proc\p18f4620.asm
               WDTCONbits   0x000fd1       data     extern E:\c18v3.46\pic18-lt\cxx-framework\src\traditional\proc\p18f4620.asm
                   WDTCON   0x000fd1       data     extern E:\c18v3.46\pic18-lt\cxx-framework\src\traditional\proc\p18f4620.asm
              HLVDCONbits   0x000fd2       data     extern E:\c18v3.46\pic18-lt\cxx-framework\src\traditional\proc\p18f4620.asm
                  HLVDCON   0x000fd2       data     extern E:\c18v3.46\pic18-lt\cxx-framework\src\traditional\proc\p18f4620.asm
                   LVDCON   0x000fd2       data     extern E:\c18v3.46\pic18-lt\cxx-framework\src\traditional\proc\p18f4620.asm
               LVDCONbits   0x000fd2       data     extern E:\c18v3.46\pic18-lt\cxx-framework\src\traditional\proc\p18f4620.asm
                   OSCCON   0x000fd3       data     extern E:\c18v3.46\pic18-lt\cxx-framework\src\traditional\proc\p18f4620.asm
               OSCCONbits   0x000fd3       data     extern E:\c18v3.46\pic18-lt\cxx-framework\src\traditional\proc\p18f4620.asm
                T0CONbits   0x000fd5       data     extern E:\c18v3.46\pic18-lt\cxx-framework\src\traditional\proc\p18f4620.asm
                    T0CON   0x000fd5       data     extern E:\c18v3.46\pic18-lt\cxx-framework\src\traditional\proc\p18f4620.asm
                    TMR0L   0x000fd6       data     extern E:\c18v3.46\pic18-lt\cxx-framework\src\traditional\proc\p18f4620.asm
                    TMR0H   0x000fd7       data     extern E:\c18v3.46\pic18-lt\cxx-framework\src\traditional\proc\p18f4620.asm
                   STATUS   0x000fd8       data     extern E:\c18v3.46\pic18-lt\cxx-framework\src\traditional\proc\p18f4620.asm
               STATUSbits   0x000fd8       data     extern E:\c18v3.46\pic18-lt\cxx-framework\src\traditional\proc\p18f4620.asm
                     FSR2   0x000fd9       data     extern E:\c18v3.46\pic18-lt\cxx-framework\src\traditional\proc\p18f4620.asm
                    FSR2L   0x000fd9       data     extern E:\c18v3.46\pic18-lt\cxx-framework\src\traditional\proc\p18f4620.asm
                    FSR2H   0x000fda       data     extern E:\c18v3.46\pic18-lt\cxx-framework\src\traditional\proc\p18f4620.asm
                   PLUSW2   0x000fdb       data     extern E:\c18v3.46\pic18-lt\cxx-framework\src\traditional\proc\p18f4620.asm
                  PREINC2   0x000fdc       data     extern E:\c18v3.46\pic18-lt\cxx-framework\src\traditional\proc\p18f4620.asm
                 POSTDEC2   0x000fdd       data     extern E:\c18v3.46\pic18-lt\cxx-framework\src\traditional\proc\p18f4620.asm
                 POSTINC2   0x000fde       data     extern E:\c18v3.46\pic18-lt\cxx-framework\src\traditional\proc\p18f4620.asm
                    INDF2   0x000fdf       data     extern E:\c18v3.46\pic18-lt\cxx-framework\src\traditional\proc\p18f4620.asm
                      BSR   0x000fe0       data     extern E:\c18v3.46\pic18-lt\cxx-framework\src\traditional\proc\p18f4620.asm
                    FSR1L   0x000fe1       data     extern E:\c18v3.46\pic18-lt\cxx-framework\src\traditional\proc\p18f4620.asm
                     FSR1   0x000fe1       data     extern E:\c18v3.46\pic18-lt\cxx-framework\src\traditional\proc\p18f4620.asm
                    FSR1H   0x000fe2       data     extern E:\c18v3.46\pic18-lt\cxx-framework\src\traditional\proc\p18f4620.asm
                   PLUSW1   0x000fe3       data     extern E:\c18v3.46\pic18-lt\cxx-framework\src\traditional\proc\p18f4620.asm
                  PREINC1   0x000fe4       data     extern E:\c18v3.46\pic18-lt\cxx-framework\src\traditional\proc\p18f4620.asm
                 POSTDEC1   0x000fe5       data     extern E:\c18v3.46\pic18-lt\cxx-framework\src\traditional\proc\p18f4620.asm
                 POSTINC1   0x000fe6       data     extern E:\c18v3.46\pic18-lt\cxx-framework\src\traditional\proc\p18f4620.asm
                    INDF1   0x000fe7       data     extern E:\c18v3.46\pic18-lt\cxx-framework\src\traditional\proc\p18f4620.asm
                        W   0x000fe8       data     extern E:\c18v3.46\pic18-lt\cxx-framework\src\traditional\proc\p18f4620.asm
                     WREG   0x000fe8       data     extern E:\c18v3.46\pic18-lt\cxx-framework\src\traditional\proc\p18f4620.asm
                     FSR0   0x000fe9       data     extern E:\c18v3.46\pic18-lt\cxx-framework\src\traditional\proc\p18f4620.asm
                    FSR0L   0x000fe9       data     extern E:\c18v3.46\pic18-lt\cxx-framework\src\traditional\proc\p18f4620.asm
                    FSR0H   0x000fea       data     extern E:\c18v3.46\pic18-lt\cxx-framework\src\traditional\proc\p18f4620.asm
                   PLUSW0   0x000feb       data     extern E:\c18v3.46\pic18-lt\cxx-framework\src\traditional\proc\p18f4620.asm
                  PREINC0   0x000fec       data     extern E:\c18v3.46\pic18-lt\cxx-framework\src\traditional\proc\p18f4620.asm
                 POSTDEC0   0x000fed       data     extern E:\c18v3.46\pic18-lt\cxx-framework\src\traditional\proc\p18f4620.asm
                 POSTINC0   0x000fee       data     extern E:\c18v3.46\pic18-lt\cxx-framework\src\traditional\proc\p18f4620.asm
                    INDF0   0x000fef       data     extern E:\c18v3.46\pic18-lt\cxx-framework\src\traditional\proc\p18f4620.asm
              INTCON3bits   0x000ff0       data     extern E:\c18v3.46\pic18-lt\cxx-framework\src\traditional\proc\p18f4620.asm
                  INTCON3   0x000ff0       data     extern E:\c18v3.46\pic18-lt\cxx-framework\src\traditional\proc\p18f4620.asm
              INTCON2bits   0x000ff1       data     extern E:\c18v3.46\pic18-lt\cxx-framework\src\traditional\proc\p18f4620.asm
                  INTCON2   0x000ff1       data     extern E:\c18v3.46\pic18-lt\cxx-framework\src\traditional\proc\p18f4620.asm
                   INTCON   0x000ff2       data     extern E:\c18v3.46\pic18-lt\cxx-framework\src\traditional\proc\p18f4620.asm
               INTCONbits   0x000ff2       data     extern E:\c18v3.46\pic18-lt\cxx-framework\src\traditional\proc\p18f4620.asm
                    PRODL   0x000ff3       data     extern E:\c18v3.46\pic18-lt\cxx-framework\src\traditional\proc\p18f4620.asm
                     PROD   0x000ff3       data     extern E:\c18v3.46\pic18-lt\cxx-framework\src\traditional\proc\p18f4620.asm
                    PRODH   0x000ff4       data     extern E:\c18v3.46\pic18-lt\cxx-framework\src\traditional\proc\p18f4620.asm
                   TABLAT   0x000ff5       data     extern E:\c18v3.46\pic18-lt\cxx-framework\src\traditional\proc\p18f4620.asm
                  TBLPTRL   0x000ff6       data     extern E:\c18v3.46\pic18-lt\cxx-framework\src\traditional\proc\p18f4620.asm
                   TBLPTR   0x000ff6       data     extern E:\c18v3.46\pic18-lt\cxx-framework\src\traditional\proc\p18f4620.asm
                  TBLPTRH   0x000ff7       data     extern E:\c18v3.46\pic18-lt\cxx-framework\src\traditional\proc\p18f4620.asm
                  TBLPTRU   0x000ff8       data     extern E:\c18v3.46\pic18-lt\cxx-framework\src\traditional\proc\p18f4620.asm
                       PC   0x000ff9       data     extern E:\c18v3.46\pic18-lt\cxx-framework\src\traditional\proc\p18f4620.asm
                      PCL   0x000ff9       data     extern E:\c18v3.46\pic18-lt\cxx-framework\src\traditional\proc\p18f4620.asm
                   PCLATH   0x000ffa       data     extern E:\c18v3.46\pic18-lt\cxx-framework\src\traditional\proc\p18f4620.asm
                   PCLATU   0x000ffb       data     extern E:\c18v3.46\pic18-lt\cxx-framework\src\traditional\proc\p18f4620.asm
               STKPTRbits   0x000ffc       data     extern E:\c18v3.46\pic18-lt\cxx-framework\src\traditional\proc\p18f4620.asm
                   STKPTR   0x000ffc       data     extern E:\c18v3.46\pic18-lt\cxx-framework\src\traditional\proc\p18f4620.asm
                      TOS   0x000ffd       data     extern E:\c18v3.46\pic18-lt\cxx-framework\src\traditional\proc\p18f4620.asm
                     TOSL   0x000ffd       data     extern E:\c18v3.46\pic18-lt\cxx-framework\src\traditional\proc\p18f4620.asm
                     TOSH   0x000ffe       data     extern E:\c18v3.46\pic18-lt\cxx-framework\src\traditional\proc\p18f4620.asm
                     TOSU   0x000fff       data     extern E:\c18v3.46\pic18-lt\cxx-framework\src\traditional\proc\p18f4620.asm


